[2018-09-10T13:42:08.293-0100][0.013s] Using Concurrent Mark Sweep
[2018-09-10T13:42:08.293-0100][0.013s] Heap address: 0x00000007a0000000, size: 512 MB, Compressed Oops mode: Zero based, Oop shift amount: 3
[2018-09-10T13:42:09.739-0100][1.458s] GC(0) Pause Young (Allocation Failure)
[2018-09-10T13:42:09.739-0100][1.459s] GC(0) Using 4 workers of 4 for evacuation
[2018-09-10T13:42:09.748-0100][1.468s] GC(0) ParNew: 87424K->10800K(109248K)
[2018-09-10T13:42:09.748-0100][1.468s] GC(0) CMS: 0K->0K(393216K)
[2018-09-10T13:42:09.748-0100][1.468s] GC(0) Metaspace: 24606K->24606K(1073152K)
[2018-09-10T13:42:09.748-0100][1.468s] GC(0) Pause Young (Allocation Failure) 85M->10M(490M) 9.273ms
[2018-09-10T13:42:09.748-0100][1.468s] GC(0) User=0.03s Sys=0.01s Real=0.01s
[2018-09-10T13:42:09.748-0100][1.468s] GC(1) Pause Initial Mark
[2018-09-10T13:42:09.750-0100][1.470s] GC(1) Pause Initial Mark 12M->12M(490M) 1.586ms
[2018-09-10T13:42:09.750-0100][1.470s] GC(1) User=0.01s Sys=0.00s Real=0.01s
[2018-09-10T13:42:09.750-0100][1.470s] GC(1) Concurrent Mark
[2018-09-10T13:42:09.750-0100][1.470s] GC(1) Using 4 workers of 4 for marking
[2018-09-10T13:42:09.750-0100][1.470s] GC(1) Concurrent Mark 0.213ms
[2018-09-10T13:42:09.750-0100][1.470s] GC(1) User=0.00s Sys=0.00s Real=0.00s
[2018-09-10T13:42:09.750-0100][1.470s] GC(1) Concurrent Preclean
[2018-09-10T13:42:09.751-0100][1.471s] GC(1) Concurrent Preclean 0.688ms
[2018-09-10T13:42:09.751-0100][1.471s] GC(1) User=0.00s Sys=0.00s Real=0.00s
[2018-09-10T13:42:09.751-0100][1.471s] GC(1) Pause Remark
[2018-09-10T13:42:09.751-0100][1.471s] GC(2) Pause Young (CMS Final Remark)
[2018-09-10T13:42:09.751-0100][1.471s] GC(2) Using 4 workers of 4 for evacuation
[2018-09-10T13:42:09.758-0100][1.477s] GC(2) ParNew: 12390K->14713K(109248K)
[2018-09-10T13:42:09.758-0100][1.478s] GC(2) CMS: 0K->0K(393216K)
[2018-09-10T13:42:09.758-0100][1.478s] GC(2) Metaspace: 24608K->24608K(1073152K)
[2018-09-10T13:42:09.758-0100][1.478s] GC(2) Pause Young (CMS Final Remark) 12M->14M(490M) 6.447ms
[2018-09-10T13:42:09.758-0100][1.478s] GC(2) User=0.02s Sys=0.01s Real=0.00s
[2018-09-10T13:42:09.765-0100][1.485s] GC(1) Pause Remark 12M->14M(490M) 13.711ms
[2018-09-10T13:42:09.765-0100][1.485s] GC(1) User=0.03s Sys=0.01s Real=0.01s
[2018-09-10T13:42:09.765-0100][1.485s] GC(1) Concurrent Sweep
[2018-09-10T13:42:09.765-0100][1.485s] GC(1) Concurrent Sweep 0.113ms
[2018-09-10T13:42:09.765-0100][1.485s] GC(1) User=0.00s Sys=0.00s Real=0.00s
[2018-09-10T13:42:09.765-0100][1.485s] GC(1) Concurrent Reset
[2018-09-10T13:42:09.770-0100][1.489s] GC(1) Concurrent Reset 4.307ms
[2018-09-10T13:42:09.770-0100][1.490s] GC(1) User=0.01s Sys=0.00s Real=0.01s
[2018-09-10T13:42:09.770-0100][1.490s] GC(1) Old: 0K->0K(393216K)
[2018-09-10T13:42:12.011-0100][3.731s] GC(3) Pause Young (Allocation Failure)
[2018-09-10T13:42:12.014-0100][3.734s] GC(3) Using 4 workers of 4 for evacuation
[2018-09-10T13:42:12.021-0100][3.741s] GC(3) ParNew: 102137K->16080K(109248K)
[2018-09-10T13:42:12.021-0100][3.741s] GC(3) CMS: 0K->0K(393216K)
[2018-09-10T13:42:12.021-0100][3.741s] GC(3) Metaspace: 34127K->34127K(1081344K)
[2018-09-10T13:42:12.021-0100][3.741s] GC(3) Pause Young (Allocation Failure) 99M->15M(490M) 10.141ms
[2018-09-10T13:42:12.021-0100][3.741s] GC(3) User=0.03s Sys=0.00s Real=0.01s
[2018-09-10T13:46:16.096-0100][247.817s] GC(4) Pause Young (Allocation Failure)
[2018-09-10T13:46:16.096-0100][247.817s] GC(4) Using 4 workers of 4 for evacuation
[2018-09-10T13:46:16.114-0100][247.835s] GC(4) ParNew: 103160K->21824K(109248K)
[2018-09-10T13:46:16.114-0100][247.835s] GC(4) CMS: 0K->871K(393216K)
[2018-09-10T13:46:16.114-0100][247.835s] GC(4) Metaspace: 41001K->41001K(1087488K)
[2018-09-10T13:46:16.114-0100][247.835s] GC(4) Pause Young (Allocation Failure) 100M->22M(490M) 17.545ms
[2018-09-10T13:46:16.114-0100][247.835s] GC(4) User=0.07s Sys=0.01s Real=0.02s
[2018-09-10T13:46:16.511-0100][248.232s] GC(5) Pause Young (Allocation Failure)
[2018-09-10T13:46:16.511-0100][248.232s] GC(5) Using 4 workers of 4 for evacuation
[2018-09-10T13:46:16.533-0100][248.254s] GC(5) ParNew: 109231K->21824K(109248K)
[2018-09-10T13:46:16.533-0100][248.254s] GC(5) CMS: 871K->11791K(393216K)
[2018-09-10T13:46:16.533-0100][248.254s] GC(5) Metaspace: 42742K->42742K(1089536K)
[2018-09-10T13:46:16.533-0100][248.254s] GC(5) Pause Young (Allocation Failure) 107M->32M(490M) 22.384ms
[2018-09-10T13:46:16.533-0100][248.254s] GC(5) User=0.07s Sys=0.01s Real=0.02s
[2018-09-10T13:46:16.534-0100][248.255s] GC(6) Pause Initial Mark
[2018-09-10T13:46:16.536-0100][248.257s] GC(6) Pause Initial Mark 33M->33M(490M) 2.306ms
[2018-09-10T13:46:16.536-0100][248.257s] GC(6) User=0.01s Sys=0.00s Real=0.00s
[2018-09-10T13:46:16.536-0100][248.257s] GC(6) Concurrent Mark
[2018-09-10T13:46:16.536-0100][248.257s] GC(6) Using 4 workers of 4 for marking
[2018-09-10T13:46:16.542-0100][248.264s] GC(6) Concurrent Mark 6.289ms
[2018-09-10T13:46:16.542-0100][248.264s] GC(6) User=0.04s Sys=0.00s Real=0.01s
[2018-09-10T13:46:16.543-0100][248.264s] GC(6) Concurrent Preclean
[2018-09-10T13:46:16.543-0100][248.264s] GC(6) Concurrent Preclean 0.850ms
[2018-09-10T13:46:16.543-0100][248.265s] GC(6) User=0.01s Sys=0.00s Real=0.00s
[2018-09-10T13:46:16.543-0100][248.265s] GC(6) Concurrent Abortable Preclean
[2018-09-10T13:46:16.778-0100][248.499s] GC(7) Pause Young (Allocation Failure)
[2018-09-10T13:46:16.778-0100][248.499s] GC(7) Using 4 workers of 4 for evacuation
[2018-09-10T13:46:16.789-0100][248.510s] GC(7) ParNew: 109248K->17775K(109248K)
[2018-09-10T13:46:16.789-0100][248.510s] GC(7) CMS: 11791K->11791K(393216K)
[2018-09-10T13:46:16.789-0100][248.510s] GC(7) Metaspace: 43616K->43616K(1089536K)
[2018-09-10T13:46:16.789-0100][248.510s] GC(7) Pause Young (Allocation Failure) 118M->28M(490M) 11.618ms
[2018-09-10T13:46:16.789-0100][248.510s] GC(7) User=0.04s Sys=0.01s Real=0.01s
[2018-09-10T13:46:16.792-0100][248.513s] GC(6) Concurrent Abortable Preclean 248.057ms
[2018-09-10T13:46:16.792-0100][248.513s] GC(6) User=1.02s Sys=0.04s Real=0.25s
[2018-09-10T13:46:16.793-0100][248.514s] GC(6) Pause Remark
[2018-09-10T13:46:16.793-0100][248.514s] GC(8) Pause Young (CMS Final Remark)
[2018-09-10T13:46:16.793-0100][248.514s] GC(8) Using 4 workers of 4 for evacuation
[2018-09-10T13:46:16.804-0100][248.526s] GC(8) ParNew: 18334K->18755K(109248K)
[2018-09-10T13:46:16.804-0100][248.526s] GC(8) CMS: 11791K->11791K(393216K)
[2018-09-10T13:46:16.804-0100][248.526s] GC(8) Metaspace: 43616K->43616K(1089536K)
[2018-09-10T13:46:16.804-0100][248.526s] GC(8) Pause Young (CMS Final Remark) 29M->29M(490M) 11.412ms
[2018-09-10T13:46:16.805-0100][248.526s] GC(8) User=0.04s Sys=0.00s Real=0.01s
[2018-09-10T13:46:16.827-0100][248.548s] GC(6) Pause Remark 29M->29M(490M) 33.589ms
[2018-09-10T13:46:16.827-0100][248.548s] GC(6) User=0.10s Sys=0.00s Real=0.03s
[2018-09-10T13:46:16.827-0100][248.548s] GC(6) Concurrent Sweep
[2018-09-10T13:46:16.830-0100][248.551s] GC(6) Concurrent Sweep 2.924ms
[2018-09-10T13:46:16.830-0100][248.551s] GC(6) User=0.00s Sys=0.00s Real=0.01s
[2018-09-10T13:46:16.830-0100][248.551s] GC(6) Concurrent Reset
[2018-09-10T13:46:16.830-0100][248.551s] GC(6) Concurrent Reset 0.288ms
[2018-09-10T13:46:16.830-0100][248.551s] GC(6) User=0.00s Sys=0.00s Real=0.00s
[2018-09-10T13:46:16.830-0100][248.551s] GC(6) Old: 11791K->11678K(393216K)
[2018-09-10T13:46:16.970-0100][248.692s] GC(9) Pause Young (Allocation Failure)
[2018-09-10T13:46:16.971-0100][248.692s] GC(9) Using 4 workers of 4 for evacuation
[2018-09-10T13:46:16.978-0100][248.699s] GC(9) ParNew: 106179K->19952K(109248K)
[2018-09-10T13:46:16.978-0100][248.699s] GC(9) CMS: 11678K->11678K(393216K)
[2018-09-10T13:46:16.978-0100][248.699s] GC(9) Metaspace: 44441K->44441K(1089536K)
[2018-09-10T13:46:16.978-0100][248.699s] GC(9) Pause Young (Allocation Failure) 115M->30M(490M) 7.349ms
[2018-09-10T13:46:16.978-0100][248.699s] GC(9) User=0.03s Sys=0.00s Real=0.00s
[2018-09-10T13:46:17.050-0100][248.772s] GC(10) Pause Young (Allocation Failure)
[2018-09-10T13:46:17.051-0100][248.772s] GC(10) Using 4 workers of 4 for evacuation
[2018-09-10T13:46:17.058-0100][248.779s] GC(10) ParNew: 107376K->19215K(109248K)
[2018-09-10T13:46:17.058-0100][248.779s] GC(10) CMS: 11678K->11678K(393216K)
[2018-09-10T13:46:17.058-0100][248.779s] GC(10) Metaspace: 44545K->44545K(1089536K)
[2018-09-10T13:46:17.058-0100][248.779s] GC(10) Pause Young (Allocation Failure) 116M->30M(490M) 7.407ms
[2018-09-10T13:46:17.058-0100][248.779s] GC(10) User=0.04s Sys=0.00s Real=0.00s
[2018-09-10T13:46:17.367-0100][249.088s] GC(11) Pause Young (Allocation Failure)
[2018-09-10T13:46:17.367-0100][249.089s] GC(11) Using 4 workers of 4 for evacuation
[2018-09-10T13:46:17.375-0100][249.096s] GC(11) ParNew: 106639K->21824K(109248K)
[2018-09-10T13:46:17.375-0100][249.096s] GC(11) CMS: 11678K->11678K(393216K)
[2018-09-10T13:46:17.375-0100][249.096s] GC(11) Metaspace: 46371K->46371K(1091584K)
[2018-09-10T13:46:17.375-0100][249.096s] GC(11) Pause Young (Allocation Failure) 115M->32M(490M) 7.307ms
[2018-09-10T13:46:17.375-0100][249.096s] GC(11) User=0.03s Sys=0.00s Real=0.01s
[2018-09-10T13:46:18.165-0100][249.886s] GC(12) Pause Young (Allocation Failure)
[2018-09-10T13:46:18.165-0100][249.887s] GC(12) Using 4 workers of 4 for evacuation
[2018-09-10T13:46:18.177-0100][249.898s] GC(12) ParNew: 109248K->18468K(109248K)
[2018-09-10T13:46:18.177-0100][249.898s] GC(12) CMS: 11678K->15209K(393216K)
[2018-09-10T13:46:18.177-0100][249.898s] GC(12) Metaspace: 49850K->49850K(1095680K)
[2018-09-10T13:46:18.177-0100][249.899s] GC(12) Pause Young (Allocation Failure) 118M->32M(490M) 12.105ms
[2018-09-10T13:46:18.177-0100][249.899s] GC(12) User=0.07s Sys=0.00s Real=0.01s
[2018-09-10T13:46:20.833-0100][252.554s] GC(13) Pause Young (Allocation Failure)
[2018-09-10T13:46:20.833-0100][252.554s] GC(13) Using 4 workers of 4 for evacuation
[2018-09-10T13:46:20.850-0100][252.571s] GC(13) ParNew: 105892K->18709K(109248K)
[2018-09-10T13:46:20.850-0100][252.571s] GC(13) CMS: 15209K->20304K(393216K)
[2018-09-10T13:46:20.850-0100][252.571s] GC(13) Metaspace: 52986K->52986K(1097728K)
[2018-09-10T13:46:20.850-0100][252.571s] GC(13) Pause Young (Allocation Failure) 118M->38M(490M) 16.443ms
[2018-09-10T13:46:20.850-0100][252.571s] GC(13) User=0.06s Sys=0.00s Real=0.02s
[2018-09-10T13:46:20.930-0100][252.651s] GC(14) Pause Young (Allocation Failure)
[2018-09-10T13:46:20.930-0100][252.651s] GC(14) Using 4 workers of 4 for evacuation
[2018-09-10T13:46:20.949-0100][252.670s] GC(14) ParNew: 106133K->19510K(109248K)
[2018-09-10T13:46:20.949-0100][252.670s] GC(14) CMS: 20304K->24004K(393216K)
[2018-09-10T13:46:20.949-0100][252.670s] GC(14) Metaspace: 53035K->53035K(1097728K)
[2018-09-10T13:46:20.949-0100][252.670s] GC(14) Pause Young (Allocation Failure) 123M->42M(490M) 19.501ms
[2018-09-10T13:46:20.949-0100][252.670s] GC(14) User=0.06s Sys=0.00s Real=0.01s
[2018-09-10T13:46:21.010-0100][252.732s] GC(15) Pause Young (Allocation Failure)
[2018-09-10T13:46:21.010-0100][252.732s] GC(15) Using 4 workers of 4 for evacuation
[2018-09-10T13:46:21.022-0100][252.743s] GC(15) ParNew: 106934K->17691K(109248K)
[2018-09-10T13:46:21.022-0100][252.743s] GC(15) CMS: 24004K->24388K(393216K)
[2018-09-10T13:46:21.022-0100][252.743s] GC(15) Metaspace: 53064K->53064K(1097728K)
[2018-09-10T13:46:21.022-0100][252.743s] GC(15) Pause Young (Allocation Failure) 127M->41M(490M) 11.539ms
[2018-09-10T13:46:21.022-0100][252.743s] GC(15) User=0.06s Sys=0.00s Real=0.01s
[2018-09-10T13:46:21.095-0100][252.816s] GC(16) Pause Young (Allocation Failure)
[2018-09-10T13:46:21.095-0100][252.816s] GC(16) Using 4 workers of 4 for evacuation
[2018-09-10T13:46:21.105-0100][252.827s] GC(16) ParNew: 105115K->18324K(109248K)
[2018-09-10T13:46:21.105-0100][252.827s] GC(16) CMS: 24388K->24388K(393216K)
[2018-09-10T13:46:21.105-0100][252.827s] GC(16) Metaspace: 53075K->53075K(1097728K)
[2018-09-10T13:46:21.106-0100][252.827s] GC(16) Pause Young (Allocation Failure) 126M->41M(490M) 10.896ms
[2018-09-10T13:46:21.106-0100][252.827s] GC(16) User=0.04s Sys=0.00s Real=0.01s
[2018-09-10T13:46:21.206-0100][252.927s] GC(17) Pause Young (Allocation Failure)
[2018-09-10T13:46:21.206-0100][252.927s] GC(17) Using 4 workers of 4 for evacuation
[2018-09-10T13:46:21.217-0100][252.938s] GC(17) ParNew: 105748K->16831K(109248K)
[2018-09-10T13:46:21.217-0100][252.939s] GC(17) CMS: 24388K->24760K(393216K)
[2018-09-10T13:46:21.217-0100][252.939s] GC(17) Metaspace: 53107K->53107K(1097728K)
[2018-09-10T13:46:21.217-0100][252.939s] GC(17) Pause Young (Allocation Failure) 127M->40M(490M) 11.460ms
[2018-09-10T13:46:21.218-0100][252.939s] GC(17) User=0.03s Sys=0.00s Real=0.01s
[2018-09-10T13:47:47.429-0100][339.151s] GC(18) Pause Young (Allocation Failure)
[2018-09-10T13:47:47.429-0100][339.151s] GC(18) Using 4 workers of 4 for evacuation
[2018-09-10T13:47:47.437-0100][339.158s] GC(18) ParNew: 104255K->19824K(109248K)
[2018-09-10T13:47:47.437-0100][339.158s] GC(18) CMS: 24760K->24860K(393216K)
[2018-09-10T13:47:47.437-0100][339.158s] GC(18) Metaspace: 53763K->53763K(1097728K)
[2018-09-10T13:47:47.437-0100][339.158s] GC(18) Pause Young (Allocation Failure) 125M->43M(490M) 7.548ms
[2018-09-10T13:47:47.437-0100][339.158s] GC(18) User=0.03s Sys=0.00s Real=0.01s
[2018-09-10T14:06:12.564-0100][1444.291s] GC(19) Pause Young (Allocation Failure)
[2018-09-10T14:06:12.564-0100][1444.291s] GC(19) Using 4 workers of 4 for evacuation
[2018-09-10T14:06:12.573-0100][1444.300s] GC(19) ParNew: 107248K->14460K(109248K)
[2018-09-10T14:06:12.573-0100][1444.300s] GC(19) CMS: 24860K->25408K(393216K)
[2018-09-10T14:06:12.573-0100][1444.300s] GC(19) Metaspace: 54307K->54307K(1099776K)
[2018-09-10T14:06:12.573-0100][1444.300s] GC(19) Pause Young (Allocation Failure) 129M->38M(490M) 8.675ms
[2018-09-10T14:06:12.573-0100][1444.300s] GC(19) User=0.03s Sys=0.00s Real=0.01s
[2018-09-10T14:07:02.939-0100][1494.666s] GC(20) Pause Young (Allocation Failure)
[2018-09-10T14:07:02.939-0100][1494.666s] GC(20) Using 4 workers of 4 for evacuation
[2018-09-10T14:07:02.950-0100][1494.677s] GC(20) ParNew: 101884K->21824K(109248K)
[2018-09-10T14:07:02.950-0100][1494.677s] GC(20) CMS: 25408K->27407K(393216K)
[2018-09-10T14:07:02.950-0100][1494.677s] GC(20) Metaspace: 61291K->61291K(1105920K)
[2018-09-10T14:07:02.950-0100][1494.678s] GC(20) Pause Young (Allocation Failure) 124M->48M(490M) 11.141ms
[2018-09-10T14:07:02.950-0100][1494.678s] GC(20) User=0.05s Sys=0.01s Real=0.02s
[2018-09-10T14:07:35.764-0100][1527.491s] GC(21) Pause Young (Allocation Failure)
[2018-09-10T14:07:35.764-0100][1527.491s] GC(21) Using 4 workers of 4 for evacuation
[2018-09-10T14:07:35.780-0100][1527.508s] GC(21) ParNew: 109248K->21824K(109248K)
[2018-09-10T14:07:35.780-0100][1527.508s] GC(21) CMS: 27407K->31759K(393216K)
[2018-09-10T14:07:35.780-0100][1527.508s] GC(21) Metaspace: 67257K->67257K(1112064K)
[2018-09-10T14:07:35.780-0100][1527.508s] GC(21) Pause Young (Allocation Failure) 133M->52M(490M) 16.532ms
[2018-09-10T14:07:35.780-0100][1527.508s] GC(21) User=0.07s Sys=0.01s Real=0.02s
[2018-09-10T14:07:37.962-0100][1529.689s] GC(22) Pause Young (Allocation Failure)
[2018-09-10T14:07:37.962-0100][1529.690s] GC(22) Using 4 workers of 4 for evacuation
[2018-09-10T14:07:37.981-0100][1529.708s] GC(22) ParNew: 109248K->21824K(109248K)
[2018-09-10T14:07:37.981-0100][1529.708s] GC(22) CMS: 31759K->32619K(393216K)
[2018-09-10T14:07:37.981-0100][1529.708s] GC(22) Metaspace: 67308K->67308K(1112064K)
[2018-09-10T14:07:37.981-0100][1529.708s] GC(22) Pause Young (Allocation Failure) 137M->53M(490M) 18.591ms
[2018-09-10T14:07:37.981-0100][1529.708s] GC(22) User=0.08s Sys=0.00s Real=0.02s
[2018-09-10T14:07:38.015-0100][1529.743s] GC(23) Pause Young (Allocation Failure)
[2018-09-10T14:07:38.015-0100][1529.743s] GC(23) Using 4 workers of 4 for evacuation
[2018-09-10T14:07:38.031-0100][1529.759s] GC(23) ParNew: 109248K->21824K(109248K)
[2018-09-10T14:07:38.031-0100][1529.759s] GC(23) CMS: 32619K->33405K(393216K)
[2018-09-10T14:07:38.031-0100][1529.759s] GC(23) Metaspace: 67322K->67322K(1112064K)
[2018-09-10T14:07:38.031-0100][1529.759s] GC(23) Pause Young (Allocation Failure) 138M->53M(490M) 16.101ms
[2018-09-10T14:07:38.031-0100][1529.759s] GC(23) User=0.07s Sys=0.00s Real=0.02s
[2018-09-10T14:07:38.075-0100][1529.803s] GC(24) Pause Young (Allocation Failure)
[2018-09-10T14:07:38.076-0100][1529.803s] GC(24) Using 4 workers of 4 for evacuation
[2018-09-10T14:07:38.089-0100][1529.817s] GC(24) ParNew: 109248K->21824K(109248K)
[2018-09-10T14:07:38.089-0100][1529.817s] GC(24) CMS: 33405K->33751K(393216K)
[2018-09-10T14:07:38.089-0100][1529.817s] GC(24) Metaspace: 67331K->67331K(1112064K)
[2018-09-10T14:07:38.089-0100][1529.817s] GC(24) Pause Young (Allocation Failure) 139M->54M(490M) 13.961ms
[2018-09-10T14:07:38.089-0100][1529.817s] GC(24) User=0.06s Sys=0.00s Real=0.01s
[2018-09-10T14:07:38.150-0100][1529.878s] GC(25) Pause Young (Allocation Failure)
[2018-09-10T14:07:38.150-0100][1529.878s] GC(25) Using 4 workers of 4 for evacuation
[2018-09-10T14:07:38.168-0100][1529.895s] GC(25) ParNew: 109248K->21824K(109248K)
[2018-09-10T14:07:38.168-0100][1529.895s] GC(25) CMS: 33751K->34015K(393216K)
[2018-09-10T14:07:38.168-0100][1529.895s] GC(25) Metaspace: 67340K->67340K(1112064K)
[2018-09-10T14:07:38.168-0100][1529.895s] GC(25) Pause Young (Allocation Failure) 139M->54M(490M) 17.883ms
[2018-09-10T14:07:38.168-0100][1529.895s] GC(25) User=0.08s Sys=0.00s Real=0.01s
[2018-09-10T14:07:38.344-0100][1530.071s] GC(26) Pause Young (Allocation Failure)
[2018-09-10T14:07:38.344-0100][1530.071s] GC(26) Using 4 workers of 4 for evacuation
[2018-09-10T14:07:38.366-0100][1530.093s] GC(26) ParNew: 109248K->21824K(109248K)
[2018-09-10T14:07:38.366-0100][1530.094s] GC(26) CMS: 34015K->39213K(393216K)
[2018-09-10T14:07:38.366-0100][1530.094s] GC(26) Metaspace: 67435K->67435K(1112064K)
[2018-09-10T14:07:38.366-0100][1530.094s] GC(26) Pause Young (Allocation Failure) 139M->59M(490M) 22.609ms
[2018-09-10T14:07:38.366-0100][1530.094s] GC(26) User=0.11s Sys=0.00s Real=0.02s
[2018-09-10T14:24:29.508-0100][2541.240s] Heap
[2018-09-10T14:24:29.508-0100][2541.240s]  par new generation   total 109248K, used 109248K [0x00000007a0000000, 0x00000007a8000000, 0x00000007a8000000)
[2018-09-10T14:24:29.508-0100][2541.240s]   eden space 87424K, 100% used [0x00000007a0000000, 0x00000007a5560000, 0x00000007a5560000)
[2018-09-10T14:24:29.508-0100][2541.240s]   from space 21824K, 100% used [0x00000007a6ab0000, 0x00000007a8000000, 0x00000007a8000000)
[2018-09-10T14:24:29.508-0100][2541.240s]   to   space 21824K,   0% used [0x00000007a5560000, 0x00000007a5560000, 0x00000007a6ab0000)
[2018-09-10T14:24:29.508-0100][2541.240s]  concurrent mark-sweep generation total 393216K, used 39213K [0x00000007a8000000, 0x00000007c0000000, 0x00000007c0000000)
[2018-09-10T14:24:29.508-0100][2541.240s]  Metaspace       used 68762K, capacity 70167K, committed 70828K, reserved 1112064K
[2018-09-10T14:24:29.508-0100][2541.240s]   class space    used 7210K, capacity 7808K, committed 7860K, reserved 1048576K
