[2018-09-16T14:12:28.630-0100][0.016s] Using Concurrent Mark Sweep
[2018-09-16T14:12:28.630-0100][0.017s] Heap address: 0x00000007a0000000, size: 512 MB, Compressed Oops mode: Zero based, Oop shift amount: 3
[2018-09-16T14:12:30.365-0100][1.752s] GC(0) Pause Young (Allocation Failure)
[2018-09-16T14:12:30.365-0100][1.752s] GC(0) Using 4 workers of 4 for evacuation
[2018-09-16T14:12:30.375-0100][1.762s] GC(0) ParNew: 87424K->11076K(109248K)
[2018-09-16T14:12:30.375-0100][1.762s] GC(0) CMS: 0K->0K(393216K)
[2018-09-16T14:12:30.375-0100][1.762s] GC(0) Metaspace: 25631K->25631K(1073152K)
[2018-09-16T14:12:30.375-0100][1.762s] GC(0) Pause Young (Allocation Failure) 85M->10M(490M) 10.307ms
[2018-09-16T14:12:30.375-0100][1.762s] GC(0) User=0.03s Sys=0.01s Real=0.01s
[2018-09-16T14:12:30.376-0100][1.763s] GC(1) Pause Initial Mark
[2018-09-16T14:12:30.378-0100][1.765s] GC(1) Pause Initial Mark 12M->12M(490M) 2.090ms
[2018-09-16T14:12:30.378-0100][1.765s] GC(1) User=0.01s Sys=0.00s Real=0.00s
[2018-09-16T14:12:30.378-0100][1.765s] GC(1) Concurrent Mark
[2018-09-16T14:12:30.378-0100][1.765s] GC(1) Using 4 workers of 4 for marking
[2018-09-16T14:12:30.378-0100][1.765s] GC(1) Concurrent Mark 0.139ms
[2018-09-16T14:12:30.378-0100][1.765s] GC(1) User=0.00s Sys=0.00s Real=0.00s
[2018-09-16T14:12:30.379-0100][1.766s] GC(1) Concurrent Preclean
[2018-09-16T14:12:30.380-0100][1.767s] GC(1) Concurrent Preclean 0.952ms
[2018-09-16T14:12:30.380-0100][1.767s] GC(1) User=0.00s Sys=0.00s Real=0.01s
[2018-09-16T14:12:30.380-0100][1.767s] GC(1) Pause Remark
[2018-09-16T14:12:30.380-0100][1.767s] GC(2) Pause Young (CMS Final Remark)
[2018-09-16T14:12:30.380-0100][1.767s] GC(2) Using 4 workers of 4 for evacuation
[2018-09-16T14:12:30.388-0100][1.774s] GC(2) ParNew: 12731K->14345K(109248K)
[2018-09-16T14:12:30.388-0100][1.774s] GC(2) CMS: 0K->0K(393216K)
[2018-09-16T14:12:30.388-0100][1.774s] GC(2) Metaspace: 25760K->25760K(1073152K)
[2018-09-16T14:12:30.388-0100][1.775s] GC(2) Pause Young (CMS Final Remark) 12M->14M(490M) 7.635ms
[2018-09-16T14:12:30.388-0100][1.775s] GC(2) User=0.03s Sys=0.01s Real=0.00s
[2018-09-16T14:12:30.396-0100][1.783s] GC(1) Pause Remark 12M->14M(490M) 15.675ms
[2018-09-16T14:12:30.396-0100][1.783s] GC(1) User=0.04s Sys=0.01s Real=0.01s
[2018-09-16T14:12:30.396-0100][1.783s] GC(1) Concurrent Sweep
[2018-09-16T14:12:30.396-0100][1.783s] GC(1) Concurrent Sweep 0.290ms
[2018-09-16T14:12:30.396-0100][1.783s] GC(1) User=0.00s Sys=0.00s Real=0.00s
[2018-09-16T14:12:30.396-0100][1.783s] GC(1) Concurrent Reset
[2018-09-16T14:12:30.400-0100][1.787s] GC(1) Concurrent Reset 4.102ms
[2018-09-16T14:12:30.401-0100][1.787s] GC(1) User=0.01s Sys=0.00s Real=0.01s
[2018-09-16T14:12:30.401-0100][1.787s] GC(1) Old: 0K->0K(393216K)
[2018-09-16T14:12:31.162-0100][2.548s] GC(3) Pause Young (Allocation Failure)
[2018-09-16T14:12:31.162-0100][2.548s] GC(3) Using 4 workers of 4 for evacuation
[2018-09-16T14:12:31.172-0100][2.559s] GC(3) ParNew: 101732K->17437K(109248K)
[2018-09-16T14:12:31.172-0100][2.559s] GC(3) CMS: 0K->0K(393216K)
[2018-09-16T14:12:31.172-0100][2.559s] GC(3) Metaspace: 33250K->33250K(1079296K)
[2018-09-16T14:12:31.172-0100][2.559s] GC(3) Pause Young (Allocation Failure) 99M->17M(490M) 10.580ms
[2018-09-16T14:12:31.172-0100][2.559s] GC(3) User=0.04s Sys=0.00s Real=0.01s
[2018-09-16T14:12:31.483-0100][2.869s] GC(4) Pause Young (Allocation Failure)
[2018-09-16T14:12:31.483-0100][2.869s] GC(4) Using 4 workers of 4 for evacuation
[2018-09-16T14:12:31.492-0100][2.879s] GC(4) ParNew: 104861K->21824K(109248K)
[2018-09-16T14:12:31.492-0100][2.879s] GC(4) CMS: 0K->398K(393216K)
[2018-09-16T14:12:31.492-0100][2.879s] GC(4) Metaspace: 35851K->35851K(1081344K)
[2018-09-16T14:12:31.492-0100][2.879s] GC(4) Pause Young (Allocation Failure) 102M->21M(490M) 9.446ms
[2018-09-16T14:12:31.492-0100][2.879s] GC(4) User=0.04s Sys=0.00s Real=0.01s
[2018-09-16T14:12:31.642-0100][3.029s] GC(5) Pause Young (Allocation Failure)
[2018-09-16T14:12:31.642-0100][3.029s] GC(5) Using 4 workers of 4 for evacuation
[2018-09-16T14:12:31.653-0100][3.040s] GC(5) ParNew: 109234K->21824K(109248K)
[2018-09-16T14:12:31.653-0100][3.040s] GC(5) CMS: 398K->1682K(393216K)
[2018-09-16T14:12:31.653-0100][3.040s] GC(5) Metaspace: 36824K->36824K(1083392K)
[2018-09-16T14:12:31.653-0100][3.040s] GC(5) Pause Young (Allocation Failure) 107M->22M(490M) 11.076ms
[2018-09-16T14:12:31.653-0100][3.040s] GC(5) User=0.06s Sys=0.00s Real=0.01s
[2018-09-16T14:12:32.095-0100][3.482s] GC(6) Pause Young (Allocation Failure)
[2018-09-16T14:12:32.095-0100][3.482s] GC(6) Using 4 workers of 4 for evacuation
[2018-09-16T14:12:32.104-0100][3.490s] GC(6) ParNew: 109248K->21824K(109248K)
[2018-09-16T14:12:32.104-0100][3.490s] GC(6) CMS: 1682K->2180K(393216K)
[2018-09-16T14:12:32.104-0100][3.490s] GC(6) Metaspace: 41221K->41221K(1087488K)
[2018-09-16T14:12:32.104-0100][3.490s] GC(6) Pause Young (Allocation Failure) 108M->23M(490M) 8.300ms
[2018-09-16T14:12:32.104-0100][3.490s] GC(6) User=0.03s Sys=0.01s Real=0.01s
[2018-09-16T14:12:34.105-0100][5.492s] GC(7) Pause Initial Mark
[2018-09-16T14:12:34.111-0100][5.498s] GC(7) Pause Initial Mark 64M->64M(490M) 6.119ms
[2018-09-16T14:12:34.111-0100][5.498s] GC(7) User=0.03s Sys=0.00s Real=0.01s
[2018-09-16T14:12:34.111-0100][5.498s] GC(7) Concurrent Mark
[2018-09-16T14:12:34.111-0100][5.498s] GC(7) Using 4 workers of 4 for marking
[2018-09-16T14:12:34.113-0100][5.500s] GC(7) Concurrent Mark 2.109ms
[2018-09-16T14:12:34.113-0100][5.500s] GC(7) User=0.00s Sys=0.01s Real=0.00s
[2018-09-16T14:12:34.113-0100][5.500s] GC(7) Concurrent Preclean
[2018-09-16T14:12:34.114-0100][5.501s] GC(7) Concurrent Preclean 0.730ms
[2018-09-16T14:12:34.114-0100][5.501s] GC(7) User=0.00s Sys=0.00s Real=0.00s
[2018-09-16T14:12:34.114-0100][5.501s] GC(7) Concurrent Abortable Preclean
[2018-09-16T14:12:40.138-0100][11.524s] GC(7) Concurrent Abortable Preclean 6023.398ms
[2018-09-16T14:12:40.138-0100][11.524s] GC(7) User=2.33s Sys=0.00s Real=6.02s
[2018-09-16T14:12:40.138-0100][11.524s] GC(7) Pause Remark
[2018-09-16T14:12:40.138-0100][11.524s] GC(8) Pause Young (CMS Final Remark)
[2018-09-16T14:12:40.138-0100][11.524s] GC(8) Using 4 workers of 4 for evacuation
[2018-09-16T14:12:40.147-0100][11.534s] GC(8) ParNew: 63654K->21824K(109248K)
[2018-09-16T14:12:40.147-0100][11.534s] GC(8) CMS: 2180K->3502K(393216K)
[2018-09-16T14:12:40.147-0100][11.534s] GC(8) Metaspace: 44733K->44733K(1089536K)
[2018-09-16T14:12:40.147-0100][11.534s] GC(8) Pause Young (CMS Final Remark) 64M->24M(490M) 9.291ms
[2018-09-16T14:12:40.147-0100][11.534s] GC(8) User=0.04s Sys=0.01s Real=0.01s
[2018-09-16T14:12:40.161-0100][11.548s] GC(7) Pause Remark 64M->24M(490M) 23.418ms
[2018-09-16T14:12:40.161-0100][11.548s] GC(7) User=0.06s Sys=0.01s Real=0.03s
[2018-09-16T14:12:40.161-0100][11.548s] GC(7) Concurrent Sweep
[2018-09-16T14:12:40.163-0100][11.549s] GC(7) Concurrent Sweep 1.448ms
[2018-09-16T14:12:40.163-0100][11.549s] GC(7) User=0.00s Sys=0.00s Real=0.00s
[2018-09-16T14:12:40.163-0100][11.550s] GC(7) Concurrent Reset
[2018-09-16T14:12:40.163-0100][11.550s] GC(7) Concurrent Reset 0.271ms
[2018-09-16T14:12:40.163-0100][11.550s] GC(7) User=0.00s Sys=0.00s Real=0.00s
[2018-09-16T14:12:40.163-0100][11.550s] GC(7) Old: 2180K->3468K(393216K)
[2018-09-16T14:15:01.481-0100][152.868s] Heap
[2018-09-16T14:15:01.481-0100][152.868s]  par new generation   total 109248K, used 93739K [0x00000007a0000000, 0x00000007a8000000, 0x00000007a8000000)
[2018-09-16T14:15:01.481-0100][152.868s]   eden space 87424K,  82% used [0x00000007a0000000, 0x00000007a463ae10, 0x00000007a5560000)
[2018-09-16T14:15:01.481-0100][152.868s]   from space 21824K, 100% used [0x00000007a6ab0000, 0x00000007a8000000, 0x00000007a8000000)
[2018-09-16T14:15:01.481-0100][152.868s]   to   space 21824K,   0% used [0x00000007a5560000, 0x00000007a5560000, 0x00000007a6ab0000)
[2018-09-16T14:15:01.481-0100][152.868s]  concurrent mark-sweep generation total 393216K, used 3468K [0x00000007a8000000, 0x00000007c0000000, 0x00000007c0000000)
[2018-09-16T14:15:01.481-0100][152.868s]  Metaspace       used 48786K, capacity 49755K, committed 50364K, reserved 1093632K
[2018-09-16T14:15:01.481-0100][152.868s]   class space    used 5432K, capacity 5847K, committed 5852K, reserved 1048576K
