[2018-09-16T18:19:13.054-0100][0.017s] Using Concurrent Mark Sweep
[2018-09-16T18:19:13.054-0100][0.017s] Heap address: 0x00000007a0000000, size: 512 MB, Compressed Oops mode: Zero based, Oop shift amount: 3
[2018-09-16T18:19:14.709-0100][1.672s] GC(0) Pause Young (Allocation Failure)
[2018-09-16T18:19:14.709-0100][1.673s] GC(0) Using 4 workers of 4 for evacuation
[2018-09-16T18:19:14.720-0100][1.683s] GC(0) ParNew: 87424K->10828K(109248K)
[2018-09-16T18:19:14.720-0100][1.683s] GC(0) CMS: 0K->0K(393216K)
[2018-09-16T18:19:14.720-0100][1.683s] GC(0) Metaspace: 24514K->24514K(1071104K)
[2018-09-16T18:19:14.720-0100][1.683s] GC(0) Pause Young (Allocation Failure) 85M->10M(490M) 10.657ms
[2018-09-16T18:19:14.720-0100][1.683s] GC(0) User=0.04s Sys=0.01s Real=0.02s
[2018-09-16T18:19:14.720-0100][1.683s] GC(1) Pause Initial Mark
[2018-09-16T18:19:14.722-0100][1.685s] GC(1) Pause Initial Mark 12M->12M(490M) 2.033ms
[2018-09-16T18:19:14.722-0100][1.685s] GC(1) User=0.01s Sys=0.00s Real=0.00s
[2018-09-16T18:19:14.722-0100][1.685s] GC(1) Concurrent Mark
[2018-09-16T18:19:14.722-0100][1.685s] GC(1) Using 4 workers of 4 for marking
[2018-09-16T18:19:14.722-0100][1.686s] GC(1) Concurrent Mark 0.144ms
[2018-09-16T18:19:14.722-0100][1.686s] GC(1) User=0.00s Sys=0.00s Real=0.00s
[2018-09-16T18:19:14.722-0100][1.686s] GC(1) Concurrent Preclean
[2018-09-16T18:19:14.723-0100][1.687s] GC(1) Concurrent Preclean 0.888ms
[2018-09-16T18:19:14.723-0100][1.687s] GC(1) User=0.00s Sys=0.00s Real=0.00s
[2018-09-16T18:19:14.724-0100][1.687s] GC(1) Pause Remark
[2018-09-16T18:19:14.724-0100][1.687s] GC(2) Pause Young (CMS Final Remark)
[2018-09-16T18:19:14.724-0100][1.687s] GC(2) Using 4 workers of 4 for evacuation
[2018-09-16T18:19:14.733-0100][1.696s] GC(2) ParNew: 12420K->14545K(109248K)
[2018-09-16T18:19:14.733-0100][1.696s] GC(2) CMS: 0K->0K(393216K)
[2018-09-16T18:19:14.733-0100][1.696s] GC(2) Metaspace: 24554K->24554K(1071104K)
[2018-09-16T18:19:14.733-0100][1.696s] GC(2) Pause Young (CMS Final Remark) 12M->14M(490M) 8.701ms
[2018-09-16T18:19:14.733-0100][1.696s] GC(2) User=0.03s Sys=0.00s Real=0.01s
[2018-09-16T18:19:14.741-0100][1.705s] GC(1) Pause Remark 12M->14M(490M) 17.381ms
[2018-09-16T18:19:14.741-0100][1.705s] GC(1) User=0.04s Sys=0.00s Real=0.02s
[2018-09-16T18:19:14.741-0100][1.705s] GC(1) Concurrent Sweep
[2018-09-16T18:19:14.742-0100][1.705s] GC(1) Concurrent Sweep 0.207ms
[2018-09-16T18:19:14.742-0100][1.705s] GC(1) User=0.00s Sys=0.00s Real=0.00s
[2018-09-16T18:19:14.742-0100][1.705s] GC(1) Concurrent Reset
[2018-09-16T18:19:14.747-0100][1.710s] GC(1) Concurrent Reset 5.098ms
[2018-09-16T18:19:14.747-0100][1.710s] GC(1) User=0.02s Sys=0.01s Real=0.00s
[2018-09-16T18:19:14.747-0100][1.711s] GC(1) Old: 0K->0K(393216K)
[2018-09-16T18:19:15.691-0100][2.655s] GC(3) Pause Young (Allocation Failure)
[2018-09-16T18:19:15.691-0100][2.655s] GC(3) Using 4 workers of 4 for evacuation
[2018-09-16T18:19:15.700-0100][2.663s] GC(3) ParNew: 101969K->19814K(109248K)
[2018-09-16T18:19:15.700-0100][2.663s] GC(3) CMS: 0K->0K(393216K)
[2018-09-16T18:19:15.700-0100][2.663s] GC(3) Metaspace: 33245K->33245K(1079296K)
[2018-09-16T18:19:15.700-0100][2.663s] GC(3) Pause Young (Allocation Failure) 99M->19M(490M) 8.558ms
[2018-09-16T18:19:15.700-0100][2.663s] GC(3) User=0.03s Sys=0.01s Real=0.01s
[2018-09-16T18:19:15.980-0100][2.943s] GC(4) Pause Young (Allocation Failure)
[2018-09-16T18:19:15.980-0100][2.943s] GC(4) Using 4 workers of 4 for evacuation
[2018-09-16T18:19:15.991-0100][2.954s] GC(4) ParNew: 107238K->21824K(109248K)
[2018-09-16T18:19:15.991-0100][2.954s] GC(4) CMS: 0K->348K(393216K)
[2018-09-16T18:19:15.991-0100][2.954s] GC(4) Metaspace: 35814K->35814K(1081344K)
[2018-09-16T18:19:15.991-0100][2.954s] GC(4) Pause Young (Allocation Failure) 104M->21M(490M) 10.999ms
[2018-09-16T18:19:15.991-0100][2.954s] GC(4) User=0.06s Sys=0.01s Real=0.01s
[2018-09-16T18:19:16.128-0100][3.091s] GC(5) Pause Young (Allocation Failure)
[2018-09-16T18:19:16.128-0100][3.091s] GC(5) Using 4 workers of 4 for evacuation
[2018-09-16T18:19:16.135-0100][3.099s] GC(5) ParNew: 109238K->21824K(109248K)
[2018-09-16T18:19:16.135-0100][3.099s] GC(5) CMS: 348K->510K(393216K)
[2018-09-16T18:19:16.135-0100][3.099s] GC(5) Metaspace: 36792K->36792K(1083392K)
[2018-09-16T18:19:16.135-0100][3.099s] GC(5) Pause Young (Allocation Failure) 107M->21M(490M) 7.822ms
[2018-09-16T18:19:16.135-0100][3.099s] GC(5) User=0.03s Sys=0.00s Real=0.01s
[2018-09-16T18:19:16.551-0100][3.514s] GC(6) Pause Young (Allocation Failure)
[2018-09-16T18:19:16.551-0100][3.514s] GC(6) Using 4 workers of 4 for evacuation
[2018-09-16T18:19:16.561-0100][3.525s] GC(6) ParNew: 109248K->21824K(109248K)
[2018-09-16T18:19:16.561-0100][3.525s] GC(6) CMS: 510K->1909K(393216K)
[2018-09-16T18:19:16.561-0100][3.525s] GC(6) Metaspace: 41217K->41217K(1087488K)
[2018-09-16T18:19:16.561-0100][3.525s] GC(6) Pause Young (Allocation Failure) 107M->23M(490M) 10.788ms
[2018-09-16T18:19:16.561-0100][3.525s] GC(6) User=0.05s Sys=0.01s Real=0.01s
[2018-09-16T18:19:16.562-0100][3.525s] GC(7) Pause Initial Mark
[2018-09-16T18:19:16.565-0100][3.529s] GC(7) Pause Initial Mark 24M->24M(490M) 3.382ms
[2018-09-16T18:19:16.565-0100][3.529s] GC(7) User=0.01s Sys=0.00s Real=0.00s
[2018-09-16T18:19:16.565-0100][3.529s] GC(7) Concurrent Mark
[2018-09-16T18:19:16.565-0100][3.529s] GC(7) Using 4 workers of 4 for marking
[2018-09-16T18:19:16.568-0100][3.531s] GC(7) Concurrent Mark 2.349ms
[2018-09-16T18:19:16.568-0100][3.531s] GC(7) User=0.02s Sys=0.00s Real=0.00s
[2018-09-16T18:19:16.568-0100][3.531s] GC(7) Concurrent Preclean
[2018-09-16T18:19:16.568-0100][3.532s] GC(7) Concurrent Preclean 0.360ms
[2018-09-16T18:19:16.568-0100][3.532s] GC(7) User=0.00s Sys=0.00s Real=0.00s
[2018-09-16T18:19:16.568-0100][3.532s] GC(7) Pause Remark
[2018-09-16T18:19:16.568-0100][3.532s] GC(8) Pause Young (CMS Final Remark)
[2018-09-16T18:19:16.568-0100][3.532s] GC(8) Using 4 workers of 4 for evacuation
[2018-09-16T18:19:16.578-0100][3.541s] GC(8) ParNew: 23169K->21824K(109248K)
[2018-09-16T18:19:16.578-0100][3.541s] GC(8) CMS: 1909K->3553K(393216K)
[2018-09-16T18:19:16.578-0100][3.541s] GC(8) Metaspace: 41223K->41223K(1087488K)
[2018-09-16T18:19:16.578-0100][3.542s] GC(8) Pause Young (CMS Final Remark) 24M->24M(490M) 9.795ms
[2018-09-16T18:19:16.578-0100][3.542s] GC(8) User=0.06s Sys=0.00s Real=0.01s
[2018-09-16T18:19:16.593-0100][3.557s] GC(7) Pause Remark 24M->24M(490M) 25.293ms
[2018-09-16T18:19:16.593-0100][3.557s] GC(7) User=0.09s Sys=0.00s Real=0.03s
[2018-09-16T18:19:16.594-0100][3.557s] GC(7) Concurrent Sweep
[2018-09-16T18:19:16.595-0100][3.558s] GC(7) Concurrent Sweep 1.343ms
[2018-09-16T18:19:16.595-0100][3.558s] GC(7) User=0.01s Sys=0.00s Real=0.00s
[2018-09-16T18:19:16.595-0100][3.558s] GC(7) Concurrent Reset
[2018-09-16T18:19:16.595-0100][3.559s] GC(7) Concurrent Reset 0.305ms
[2018-09-16T18:19:16.595-0100][3.559s] GC(7) User=0.01s Sys=0.00s Real=0.00s
[2018-09-16T18:19:16.595-0100][3.559s] GC(7) Old: 1909K->3546K(393216K)
[2018-09-16T18:20:18.215-0100][65.179s] GC(9) Pause Young (Allocation Failure)
[2018-09-16T18:20:18.215-0100][65.179s] GC(9) Using 4 workers of 4 for evacuation
[2018-09-16T18:20:18.227-0100][65.191s] GC(9) ParNew: 109248K->21824K(109248K)
[2018-09-16T18:20:18.228-0100][65.191s] GC(9) CMS: 3546K->5838K(393216K)
[2018-09-16T18:20:18.228-0100][65.191s] GC(9) Metaspace: 47575K->47575K(1093632K)
[2018-09-16T18:20:18.228-0100][65.191s] GC(9) Pause Young (Allocation Failure) 110M->27M(490M) 12.409ms
[2018-09-16T18:20:18.228-0100][65.191s] GC(9) User=0.08s Sys=0.01s Real=0.01s
[2018-09-16T18:20:18.289-0100][65.253s] GC(10) Pause Young (Allocation Failure)
[2018-09-16T18:20:18.289-0100][65.253s] GC(10) Using 4 workers of 4 for evacuation
[2018-09-16T18:20:18.302-0100][65.265s] GC(10) ParNew: 109248K->21824K(109248K)
[2018-09-16T18:20:18.302-0100][65.265s] GC(10) CMS: 5838K->13651K(393216K)
[2018-09-16T18:20:18.302-0100][65.265s] GC(10) Metaspace: 47649K->47649K(1093632K)
[2018-09-16T18:20:18.302-0100][65.265s] GC(10) Pause Young (Allocation Failure) 112M->34M(490M) 12.295ms
[2018-09-16T18:20:18.302-0100][65.265s] GC(10) User=0.04s Sys=0.00s Real=0.02s
[2018-09-16T18:20:18.454-0100][65.417s] GC(11) Pause Young (Allocation Failure)
[2018-09-16T18:20:18.454-0100][65.417s] GC(11) Using 4 workers of 4 for evacuation
[2018-09-16T18:20:18.460-0100][65.424s] GC(11) ParNew: 109248K->17677K(109248K)
[2018-09-16T18:20:18.460-0100][65.424s] GC(11) CMS: 13651K->13651K(393216K)
[2018-09-16T18:20:18.460-0100][65.424s] GC(11) Metaspace: 47843K->47843K(1093632K)
[2018-09-16T18:20:18.460-0100][65.424s] GC(11) Pause Young (Allocation Failure) 120M->30M(490M) 6.526ms
[2018-09-16T18:20:18.460-0100][65.424s] GC(11) User=0.04s Sys=0.00s Real=0.01s
[2018-09-16T18:21:09.299-0100][116.262s] Heap
[2018-09-16T18:21:09.299-0100][116.262s]  par new generation   total 109248K, used 36518K [0x00000007a0000000, 0x00000007a8000000, 0x00000007a8000000)
[2018-09-16T18:21:09.299-0100][116.262s]   eden space 87424K,  21% used [0x00000007a0000000, 0x00000007a1266560, 0x00000007a5560000)
[2018-09-16T18:21:09.299-0100][116.262s]   from space 21824K,  80% used [0x00000007a5560000, 0x00000007a66a34e8, 0x00000007a6ab0000)
[2018-09-16T18:21:09.299-0100][116.263s]   to   space 21824K,   0% used [0x00000007a6ab0000, 0x00000007a6ab0000, 0x00000007a8000000)
[2018-09-16T18:21:09.299-0100][116.263s]  concurrent mark-sweep generation total 393216K, used 13651K [0x00000007a8000000, 0x00000007c0000000, 0x00000007c0000000)
[2018-09-16T18:21:09.299-0100][116.263s]  Metaspace       used 48021K, capacity 49006K, committed 49556K, reserved 1093632K
[2018-09-16T18:21:09.299-0100][116.263s]   class space    used 5311K, capacity 5750K, committed 5780K, reserved 1048576K
