[2018-09-16T11:16:06.043-0100][0.020s] Using Concurrent Mark Sweep
[2018-09-16T11:16:06.043-0100][0.020s] Heap address: 0x00000007a0000000, size: 512 MB, Compressed Oops mode: Zero based, Oop shift amount: 3
[2018-09-16T11:16:07.744-0100][1.721s] GC(0) Pause Young (Allocation Failure)
[2018-09-16T11:16:07.744-0100][1.721s] GC(0) Using 4 workers of 4 for evacuation
[2018-09-16T11:16:07.755-0100][1.732s] GC(0) ParNew: 87424K->10981K(109248K)
[2018-09-16T11:16:07.755-0100][1.732s] GC(0) CMS: 0K->0K(393216K)
[2018-09-16T11:16:07.755-0100][1.732s] GC(0) Metaspace: 25846K->25846K(1073152K)
[2018-09-16T11:16:07.755-0100][1.733s] GC(0) Pause Young (Allocation Failure) 85M->10M(490M) 11.766ms
[2018-09-16T11:16:07.755-0100][1.733s] GC(0) User=0.04s Sys=0.01s Real=0.01s
[2018-09-16T11:16:07.756-0100][1.733s] GC(1) Pause Initial Mark
[2018-09-16T11:16:07.758-0100][1.735s] GC(1) Pause Initial Mark 12M->12M(490M) 2.382ms
[2018-09-16T11:16:07.758-0100][1.735s] GC(1) User=0.01s Sys=0.00s Real=0.00s
[2018-09-16T11:16:07.758-0100][1.735s] GC(1) Concurrent Mark
[2018-09-16T11:16:07.758-0100][1.735s] GC(1) Using 4 workers of 4 for marking
[2018-09-16T11:16:07.758-0100][1.735s] GC(1) Concurrent Mark 0.132ms
[2018-09-16T11:16:07.758-0100][1.735s] GC(1) User=0.00s Sys=0.00s Real=0.00s
[2018-09-16T11:16:07.758-0100][1.735s] GC(1) Concurrent Preclean
[2018-09-16T11:16:07.759-0100][1.736s] GC(1) Concurrent Preclean 0.891ms
[2018-09-16T11:16:07.759-0100][1.736s] GC(1) User=0.00s Sys=0.00s Real=0.00s
[2018-09-16T11:16:07.759-0100][1.737s] GC(1) Pause Remark
[2018-09-16T11:16:07.759-0100][1.737s] GC(2) Pause Young (CMS Final Remark)
[2018-09-16T11:16:07.759-0100][1.737s] GC(2) Using 4 workers of 4 for evacuation
[2018-09-16T11:16:07.768-0100][1.745s] GC(2) ParNew: 12654K->14738K(109248K)
[2018-09-16T11:16:07.768-0100][1.745s] GC(2) CMS: 0K->0K(393216K)
[2018-09-16T11:16:07.768-0100][1.745s] GC(2) Metaspace: 25849K->25849K(1073152K)
[2018-09-16T11:16:07.768-0100][1.745s] GC(2) Pause Young (CMS Final Remark) 12M->14M(490M) 8.445ms
[2018-09-16T11:16:07.768-0100][1.745s] GC(2) User=0.03s Sys=0.01s Real=0.01s
[2018-09-16T11:16:07.776-0100][1.754s] GC(1) Pause Remark 12M->14M(490M) 17.111ms
[2018-09-16T11:16:07.777-0100][1.754s] GC(1) User=0.04s Sys=0.01s Real=0.02s
[2018-09-16T11:16:07.777-0100][1.754s] GC(1) Concurrent Sweep
[2018-09-16T11:16:07.777-0100][1.754s] GC(1) Concurrent Sweep 0.055ms
[2018-09-16T11:16:07.777-0100][1.754s] GC(1) User=0.00s Sys=0.00s Real=0.00s
[2018-09-16T11:16:07.777-0100][1.754s] GC(1) Concurrent Reset
[2018-09-16T11:16:07.782-0100][1.759s] GC(1) Concurrent Reset 4.940ms
[2018-09-16T11:16:07.782-0100][1.759s] GC(1) User=0.01s Sys=0.00s Real=0.01s
[2018-09-16T11:16:07.782-0100][1.759s] GC(1) Old: 0K->0K(393216K)
[2018-09-16T11:16:08.703-0100][2.680s] GC(3) Pause Young (Allocation Failure)
[2018-09-16T11:16:08.703-0100][2.680s] GC(3) Using 4 workers of 4 for evacuation
[2018-09-16T11:16:08.713-0100][2.690s] GC(3) ParNew: 102162K->21594K(109248K)
[2018-09-16T11:16:08.713-0100][2.690s] GC(3) CMS: 0K->0K(393216K)
[2018-09-16T11:16:08.713-0100][2.690s] GC(3) Metaspace: 33454K->33454K(1079296K)
[2018-09-16T11:16:08.713-0100][2.690s] GC(3) Pause Young (Allocation Failure) 99M->21M(490M) 10.528ms
[2018-09-16T11:16:08.713-0100][2.690s] GC(3) User=0.04s Sys=0.01s Real=0.01s
[2018-09-16T11:16:09.027-0100][3.004s] GC(4) Pause Young (Allocation Failure)
[2018-09-16T11:16:09.027-0100][3.004s] GC(4) Using 4 workers of 4 for evacuation
[2018-09-16T11:16:09.037-0100][3.014s] GC(4) ParNew: 109004K->21824K(109248K)
[2018-09-16T11:16:09.037-0100][3.014s] GC(4) CMS: 0K->0K(393216K)
[2018-09-16T11:16:09.037-0100][3.015s] GC(4) Metaspace: 35853K->35853K(1081344K)
[2018-09-16T11:16:09.037-0100][3.015s] GC(4) Pause Young (Allocation Failure) 106M->21M(490M) 10.538ms
[2018-09-16T11:16:09.037-0100][3.015s] GC(4) User=0.06s Sys=0.01s Real=0.01s
[2018-09-16T11:16:09.177-0100][3.154s] GC(5) Pause Young (Allocation Failure)
[2018-09-16T11:16:09.177-0100][3.154s] GC(5) Using 4 workers of 4 for evacuation
[2018-09-16T11:16:09.184-0100][3.161s] GC(5) ParNew: 109248K->21824K(109248K)
[2018-09-16T11:16:09.184-0100][3.161s] GC(5) CMS: 0K->37K(393216K)
[2018-09-16T11:16:09.184-0100][3.161s] GC(5) Metaspace: 36831K->36831K(1083392K)
[2018-09-16T11:16:09.184-0100][3.161s] GC(5) Pause Young (Allocation Failure) 106M->21M(490M) 7.456ms
[2018-09-16T11:16:09.184-0100][3.161s] GC(5) User=0.03s Sys=0.00s Real=0.01s
[2018-09-16T11:16:09.646-0100][3.624s] GC(6) Pause Young (Allocation Failure)
[2018-09-16T11:16:09.646-0100][3.624s] GC(6) Using 4 workers of 4 for evacuation
[2018-09-16T11:16:09.657-0100][3.634s] GC(6) ParNew: 109248K->21824K(109248K)
[2018-09-16T11:16:09.657-0100][3.634s] GC(6) CMS: 37K->1104K(393216K)
[2018-09-16T11:16:09.657-0100][3.634s] GC(6) Metaspace: 41236K->41236K(1087488K)
[2018-09-16T11:16:09.657-0100][3.634s] GC(6) Pause Young (Allocation Failure) 106M->22M(490M) 10.343ms
[2018-09-16T11:16:09.657-0100][3.634s] GC(6) User=0.05s Sys=0.00s Real=0.01s
[2018-09-16T11:16:11.659-0100][5.636s] GC(7) Pause Initial Mark
[2018-09-16T11:16:11.664-0100][5.641s] GC(7) Pause Initial Mark 61M->61M(490M) 5.409ms
[2018-09-16T11:16:11.664-0100][5.641s] GC(7) User=0.02s Sys=0.00s Real=0.01s
[2018-09-16T11:16:11.664-0100][5.641s] GC(7) Concurrent Mark
[2018-09-16T11:16:11.664-0100][5.641s] GC(7) Using 4 workers of 4 for marking
[2018-09-16T11:16:11.666-0100][5.643s] GC(7) Concurrent Mark 1.432ms
[2018-09-16T11:16:11.666-0100][5.643s] GC(7) User=0.01s Sys=0.00s Real=0.00s
[2018-09-16T11:16:11.666-0100][5.643s] GC(7) Concurrent Preclean
[2018-09-16T11:16:11.666-0100][5.643s] GC(7) Concurrent Preclean 0.559ms
[2018-09-16T11:16:11.666-0100][5.644s] GC(7) User=0.00s Sys=0.00s Real=0.00s
[2018-09-16T11:16:11.666-0100][5.644s] GC(7) Concurrent Abortable Preclean
[2018-09-16T11:16:17.801-0100][11.778s] GC(7) Concurrent Abortable Preclean 6134.771ms
[2018-09-16T11:16:17.801-0100][11.778s] GC(7) User=2.45s Sys=0.01s Real=6.14s
[2018-09-16T11:16:17.801-0100][11.778s] GC(7) Pause Remark
[2018-09-16T11:16:17.801-0100][11.778s] GC(8) Pause Young (CMS Final Remark)
[2018-09-16T11:16:17.801-0100][11.779s] GC(8) Using 4 workers of 4 for evacuation
[2018-09-16T11:16:17.812-0100][11.789s] GC(8) ParNew: 62336K->21824K(109248K)
[2018-09-16T11:16:17.812-0100][11.789s] GC(8) CMS: 1104K->3384K(393216K)
[2018-09-16T11:16:17.812-0100][11.789s] GC(8) Metaspace: 44752K->44752K(1089536K)
[2018-09-16T11:16:17.812-0100][11.789s] GC(8) Pause Young (CMS Final Remark) 61M->24M(490M) 10.750ms
[2018-09-16T11:16:17.812-0100][11.789s] GC(8) User=0.04s Sys=0.00s Real=0.01s
[2018-09-16T11:16:17.829-0100][11.806s] GC(7) Pause Remark 61M->24M(490M) 27.486ms
[2018-09-16T11:16:17.829-0100][11.806s] GC(7) User=0.06s Sys=0.00s Real=0.02s
[2018-09-16T11:16:17.829-0100][11.806s] GC(7) Concurrent Sweep
[2018-09-16T11:16:17.830-0100][11.807s] GC(7) Concurrent Sweep 0.999ms
[2018-09-16T11:16:17.830-0100][11.807s] GC(7) User=0.01s Sys=0.00s Real=0.01s
[2018-09-16T11:16:17.830-0100][11.807s] GC(7) Concurrent Reset
[2018-09-16T11:16:17.830-0100][11.807s] GC(7) Concurrent Reset 0.235ms
[2018-09-16T11:16:17.830-0100][11.807s] GC(7) User=0.00s Sys=0.00s Real=0.00s
[2018-09-16T11:16:17.830-0100][11.807s] GC(7) Old: 1104K->3382K(393216K)
[2018-09-16T11:16:33.408-0100][27.385s] Heap
[2018-09-16T11:16:33.408-0100][27.385s]  par new generation   total 109248K, used 38271K [0x00000007a0000000, 0x00000007a8000000, 0x00000007a8000000)
[2018-09-16T11:16:33.408-0100][27.385s]   eden space 87424K,  18% used [0x00000007a0000000, 0x00000007a100ffb0, 0x00000007a5560000)
[2018-09-16T11:16:33.408-0100][27.385s]   from space 21824K, 100% used [0x00000007a6ab0000, 0x00000007a8000000, 0x00000007a8000000)
[2018-09-16T11:16:33.408-0100][27.385s]   to   space 21824K,   0% used [0x00000007a5560000, 0x00000007a5560000, 0x00000007a6ab0000)
[2018-09-16T11:16:33.408-0100][27.385s]  concurrent mark-sweep generation total 393216K, used 3382K [0x00000007a8000000, 0x00000007c0000000, 0x00000007c0000000)
[2018-09-16T11:16:33.408-0100][27.385s]  Metaspace       used 45025K, capacity 45949K, committed 46328K, reserved 1089536K
[2018-09-16T11:16:33.408-0100][27.385s]   class space    used 4992K, capacity 5363K, committed 5368K, reserved 1048576K
