[2018-09-16T18:24:55.225-0100][0.017s] Using Concurrent Mark Sweep
[2018-09-16T18:24:55.225-0100][0.017s] Heap address: 0x00000007a0000000, size: 512 MB, Compressed Oops mode: Zero based, Oop shift amount: 3
[2018-09-16T18:24:56.888-0100][1.679s] GC(0) Pause Young (Allocation Failure)
[2018-09-16T18:24:56.888-0100][1.679s] GC(0) Using 4 workers of 4 for evacuation
[2018-09-16T18:24:56.898-0100][1.689s] GC(0) ParNew: 87424K->10788K(109248K)
[2018-09-16T18:24:56.898-0100][1.689s] GC(0) CMS: 0K->0K(393216K)
[2018-09-16T18:24:56.898-0100][1.689s] GC(0) Metaspace: 24365K->24365K(1071104K)
[2018-09-16T18:24:56.898-0100][1.689s] GC(0) Pause Young (Allocation Failure) 85M->10M(490M) 10.008ms
[2018-09-16T18:24:56.898-0100][1.689s] GC(0) User=0.03s Sys=0.00s Real=0.01s
[2018-09-16T18:24:56.898-0100][1.689s] GC(1) Pause Initial Mark
[2018-09-16T18:24:56.900-0100][1.691s] GC(1) Pause Initial Mark 12M->12M(490M) 1.769ms
[2018-09-16T18:24:56.900-0100][1.691s] GC(1) User=0.01s Sys=0.00s Real=0.01s
[2018-09-16T18:24:56.900-0100][1.691s] GC(1) Concurrent Mark
[2018-09-16T18:24:56.900-0100][1.691s] GC(1) Using 4 workers of 4 for marking
[2018-09-16T18:24:56.900-0100][1.691s] GC(1) Concurrent Mark 0.131ms
[2018-09-16T18:24:56.900-0100][1.691s] GC(1) User=0.00s Sys=0.00s Real=0.00s
[2018-09-16T18:24:56.900-0100][1.691s] GC(1) Concurrent Preclean
[2018-09-16T18:24:56.901-0100][1.692s] GC(1) Concurrent Preclean 0.570ms
[2018-09-16T18:24:56.901-0100][1.692s] GC(1) User=0.00s Sys=0.01s Real=0.00s
[2018-09-16T18:24:56.901-0100][1.692s] GC(1) Pause Remark
[2018-09-16T18:24:56.901-0100][1.692s] GC(2) Pause Young (CMS Final Remark)
[2018-09-16T18:24:56.901-0100][1.692s] GC(2) Using 4 workers of 4 for evacuation
[2018-09-16T18:24:56.908-0100][1.700s] GC(2) ParNew: 12378K->13930K(109248K)
[2018-09-16T18:24:56.908-0100][1.700s] GC(2) CMS: 0K->0K(393216K)
[2018-09-16T18:24:56.908-0100][1.700s] GC(2) Metaspace: 24369K->24369K(1071104K)
[2018-09-16T18:24:56.908-0100][1.700s] GC(2) Pause Young (CMS Final Remark) 12M->13M(490M) 7.282ms
[2018-09-16T18:24:56.908-0100][1.700s] GC(2) User=0.02s Sys=0.00s Real=0.00s
[2018-09-16T18:24:56.916-0100][1.707s] GC(1) Pause Remark 12M->13M(490M) 15.171ms
[2018-09-16T18:24:56.916-0100][1.707s] GC(1) User=0.04s Sys=0.00s Real=0.01s
[2018-09-16T18:24:56.916-0100][1.708s] GC(1) Concurrent Sweep
[2018-09-16T18:24:56.916-0100][1.708s] GC(1) Concurrent Sweep 0.128ms
[2018-09-16T18:24:56.916-0100][1.708s] GC(1) User=0.00s Sys=0.00s Real=0.00s
[2018-09-16T18:24:56.917-0100][1.708s] GC(1) Concurrent Reset
[2018-09-16T18:24:56.920-0100][1.712s] GC(1) Concurrent Reset 3.803ms
[2018-09-16T18:24:56.920-0100][1.712s] GC(1) User=0.01s Sys=0.00s Real=0.01s
[2018-09-16T18:24:56.920-0100][1.712s] GC(1) Old: 0K->0K(393216K)
[2018-09-16T18:24:57.721-0100][2.512s] GC(3) Pause Young (Allocation Failure)
[2018-09-16T18:24:57.721-0100][2.512s] GC(3) Using 4 workers of 4 for evacuation
[2018-09-16T18:24:57.729-0100][2.521s] GC(3) ParNew: 101354K->19818K(109248K)
[2018-09-16T18:24:57.729-0100][2.521s] GC(3) CMS: 0K->0K(393216K)
[2018-09-16T18:24:57.729-0100][2.521s] GC(3) Metaspace: 33255K->33255K(1079296K)
[2018-09-16T18:24:57.729-0100][2.521s] GC(3) Pause Young (Allocation Failure) 98M->19M(490M) 8.924ms
[2018-09-16T18:24:57.729-0100][2.521s] GC(3) User=0.03s Sys=0.00s Real=0.00s
[2018-09-16T18:24:58.010-0100][2.802s] GC(4) Pause Young (Allocation Failure)
[2018-09-16T18:24:58.010-0100][2.802s] GC(4) Using 4 workers of 4 for evacuation
[2018-09-16T18:24:58.019-0100][2.811s] GC(4) ParNew: 107242K->21824K(109248K)
[2018-09-16T18:24:58.019-0100][2.811s] GC(4) CMS: 0K->360K(393216K)
[2018-09-16T18:24:58.019-0100][2.811s] GC(4) Metaspace: 35891K->35891K(1083392K)
[2018-09-16T18:24:58.019-0100][2.811s] GC(4) Pause Young (Allocation Failure) 104M->21M(490M) 9.258ms
[2018-09-16T18:24:58.019-0100][2.811s] GC(4) User=0.04s Sys=0.01s Real=0.00s
[2018-09-16T18:24:58.145-0100][2.936s] GC(5) Pause Young (Allocation Failure)
[2018-09-16T18:24:58.145-0100][2.936s] GC(5) Using 4 workers of 4 for evacuation
[2018-09-16T18:24:58.153-0100][2.945s] GC(5) ParNew: 109248K->21824K(109248K)
[2018-09-16T18:24:58.153-0100][2.945s] GC(5) CMS: 360K->798K(393216K)
[2018-09-16T18:24:58.153-0100][2.945s] GC(5) Metaspace: 36844K->36844K(1083392K)
[2018-09-16T18:24:58.153-0100][2.945s] GC(5) Pause Young (Allocation Failure) 107M->22M(490M) 8.310ms
[2018-09-16T18:24:58.153-0100][2.945s] GC(5) User=0.04s Sys=0.00s Real=0.01s
[2018-09-16T18:24:58.609-0100][3.400s] GC(6) Pause Young (Allocation Failure)
[2018-09-16T18:24:58.609-0100][3.400s] GC(6) Using 4 workers of 4 for evacuation
[2018-09-16T18:24:58.620-0100][3.411s] GC(6) ParNew: 109248K->21824K(109248K)
[2018-09-16T18:24:58.620-0100][3.411s] GC(6) CMS: 798K->2899K(393216K)
[2018-09-16T18:24:58.620-0100][3.411s] GC(6) Metaspace: 41292K->41292K(1087488K)
[2018-09-16T18:24:58.620-0100][3.411s] GC(6) Pause Young (Allocation Failure) 107M->24M(490M) 11.026ms
[2018-09-16T18:24:58.620-0100][3.411s] GC(6) User=0.06s Sys=0.00s Real=0.02s
[2018-09-16T18:24:58.620-0100][3.411s] GC(7) Pause Initial Mark
[2018-09-16T18:24:58.623-0100][3.414s] GC(7) Pause Initial Mark 25M->25M(490M) 2.672ms
[2018-09-16T18:24:58.623-0100][3.414s] GC(7) User=0.01s Sys=0.00s Real=0.00s
[2018-09-16T18:24:58.623-0100][3.414s] GC(7) Concurrent Mark
[2018-09-16T18:24:58.623-0100][3.414s] GC(7) Using 4 workers of 4 for marking
[2018-09-16T18:24:58.625-0100][3.416s] GC(7) Concurrent Mark 2.098ms
[2018-09-16T18:24:58.625-0100][3.416s] GC(7) User=0.01s Sys=0.00s Real=0.00s
[2018-09-16T18:24:58.625-0100][3.416s] GC(7) Concurrent Preclean
[2018-09-16T18:24:58.625-0100][3.417s] GC(7) Concurrent Preclean 0.367ms
[2018-09-16T18:24:58.625-0100][3.417s] GC(7) User=0.00s Sys=0.00s Real=0.00s
[2018-09-16T18:24:58.625-0100][3.417s] GC(7) Pause Remark
[2018-09-16T18:24:58.639-0100][3.430s] GC(7) Pause Remark 25M->25M(490M) 13.230ms
[2018-09-16T18:24:58.639-0100][3.430s] GC(7) User=0.04s Sys=0.00s Real=0.01s
[2018-09-16T18:24:58.639-0100][3.430s] GC(7) Concurrent Sweep
[2018-09-16T18:24:58.639-0100][3.430s] GC(8) Pause Young (GCLocker Initiated GC)
[2018-09-16T18:24:58.639-0100][3.430s] GC(8) Using 4 workers of 4 for evacuation
[2018-09-16T18:24:58.647-0100][3.439s] GC(8) ParNew: 23167K->21824K(109248K)
[2018-09-16T18:24:58.647-0100][3.439s] GC(8) CMS: 2899K->4167K(393216K)
[2018-09-16T18:24:58.647-0100][3.439s] GC(8) Metaspace: 41292K->41292K(1087488K)
[2018-09-16T18:24:58.647-0100][3.439s] GC(8) Pause Young (GCLocker Initiated GC) 25M->25M(490M) 8.649ms
[2018-09-16T18:24:58.648-0100][3.439s] GC(8) User=0.04s Sys=0.00s Real=0.01s
[2018-09-16T18:24:58.649-0100][3.440s] GC(7) Concurrent Sweep 10.208ms
[2018-09-16T18:24:58.649-0100][3.440s] GC(7) User=0.05s Sys=0.00s Real=0.01s
[2018-09-16T18:24:58.649-0100][3.440s] GC(7) Concurrent Reset
[2018-09-16T18:24:58.649-0100][3.441s] GC(7) Concurrent Reset 0.243ms
[2018-09-16T18:24:58.649-0100][3.441s] GC(7) User=0.00s Sys=0.00s Real=0.00s
[2018-09-16T18:24:58.649-0100][3.441s] GC(7) Old: 2899K->4162K(393216K)
[2018-09-16T18:25:43.660-0100][48.452s] GC(9) Pause Young (Allocation Failure)
[2018-09-16T18:25:43.660-0100][48.452s] GC(9) Using 4 workers of 4 for evacuation
[2018-09-16T18:25:43.675-0100][48.466s] GC(9) ParNew: 109248K->21824K(109248K)
[2018-09-16T18:25:43.675-0100][48.466s] GC(9) CMS: 4162K->7713K(393216K)
[2018-09-16T18:25:43.675-0100][48.466s] GC(9) Metaspace: 48073K->48073K(1093632K)
[2018-09-16T18:25:43.675-0100][48.466s] GC(9) Pause Young (Allocation Failure) 110M->28M(490M) 14.414ms
[2018-09-16T18:25:43.675-0100][48.466s] GC(9) User=0.05s Sys=0.00s Real=0.01s
[2018-09-16T18:29:27.046-0100][271.837s] Heap
[2018-09-16T18:29:27.046-0100][271.837s]  par new generation   total 109248K, used 49593K [0x00000007a0000000, 0x00000007a8000000, 0x00000007a8000000)
[2018-09-16T18:29:27.046-0100][271.837s]   eden space 87424K,  31% used [0x00000007a0000000, 0x00000007a1b1e618, 0x00000007a5560000)
[2018-09-16T18:29:27.046-0100][271.837s]   from space 21824K, 100% used [0x00000007a5560000, 0x00000007a6ab0000, 0x00000007a6ab0000)
[2018-09-16T18:29:27.046-0100][271.837s]   to   space 21824K,   0% used [0x00000007a6ab0000, 0x00000007a6ab0000, 0x00000007a8000000)
[2018-09-16T18:29:27.046-0100][271.837s]  concurrent mark-sweep generation total 393216K, used 7713K [0x00000007a8000000, 0x00000007c0000000, 0x00000007c0000000)
[2018-09-16T18:29:27.046-0100][271.837s]  Metaspace       used 48783K, capacity 49776K, committed 50500K, reserved 1093632K
[2018-09-16T18:29:27.046-0100][271.837s]   class space    used 5427K, capacity 5862K, committed 5984K, reserved 1048576K
