[2018-09-16T14:15:09.295-0100][0.018s] Using Concurrent Mark Sweep
[2018-09-16T14:15:09.295-0100][0.018s] Heap address: 0x00000007a0000000, size: 512 MB, Compressed Oops mode: Zero based, Oop shift amount: 3
[2018-09-16T14:15:10.897-0100][1.620s] GC(0) Pause Young (Allocation Failure)
[2018-09-16T14:15:10.897-0100][1.620s] GC(0) Using 4 workers of 4 for evacuation
[2018-09-16T14:15:10.907-0100][1.630s] GC(0) ParNew: 87424K->10871K(109248K)
[2018-09-16T14:15:10.907-0100][1.630s] GC(0) CMS: 0K->0K(393216K)
[2018-09-16T14:15:10.907-0100][1.630s] GC(0) Metaspace: 24670K->24670K(1073152K)
[2018-09-16T14:15:10.907-0100][1.630s] GC(0) Pause Young (Allocation Failure) 85M->10M(490M) 10.018ms
[2018-09-16T14:15:10.907-0100][1.630s] GC(0) User=0.03s Sys=0.01s Real=0.01s
[2018-09-16T14:15:10.907-0100][1.630s] GC(1) Pause Initial Mark
[2018-09-16T14:15:10.909-0100][1.632s] GC(1) Pause Initial Mark 12M->12M(490M) 1.948ms
[2018-09-16T14:15:10.909-0100][1.632s] GC(1) User=0.01s Sys=0.00s Real=0.00s
[2018-09-16T14:15:10.909-0100][1.632s] GC(1) Concurrent Mark
[2018-09-16T14:15:10.909-0100][1.632s] GC(1) Using 4 workers of 4 for marking
[2018-09-16T14:15:10.909-0100][1.632s] GC(1) Concurrent Mark 0.132ms
[2018-09-16T14:15:10.909-0100][1.632s] GC(1) User=0.00s Sys=0.00s Real=0.00s
[2018-09-16T14:15:10.909-0100][1.632s] GC(1) Concurrent Preclean
[2018-09-16T14:15:10.910-0100][1.633s] GC(1) Concurrent Preclean 0.766ms
[2018-09-16T14:15:10.910-0100][1.633s] GC(1) User=0.00s Sys=0.00s Real=0.01s
[2018-09-16T14:15:10.910-0100][1.633s] GC(1) Pause Remark
[2018-09-16T14:15:10.911-0100][1.633s] GC(2) Pause Young (CMS Final Remark)
[2018-09-16T14:15:10.911-0100][1.633s] GC(2) Using 4 workers of 4 for evacuation
[2018-09-16T14:15:10.919-0100][1.642s] GC(2) ParNew: 12479K->14636K(109248K)
[2018-09-16T14:15:10.919-0100][1.642s] GC(2) CMS: 0K->0K(393216K)
[2018-09-16T14:15:10.919-0100][1.642s] GC(2) Metaspace: 24674K->24674K(1073152K)
[2018-09-16T14:15:10.919-0100][1.642s] GC(2) Pause Young (CMS Final Remark) 12M->14M(490M) 8.757ms
[2018-09-16T14:15:10.919-0100][1.642s] GC(2) User=0.03s Sys=0.00s Real=0.00s
[2018-09-16T14:15:10.928-0100][1.651s] GC(1) Pause Remark 12M->14M(490M) 17.515ms
[2018-09-16T14:15:10.928-0100][1.651s] GC(1) User=0.05s Sys=0.00s Real=0.01s
[2018-09-16T14:15:10.928-0100][1.651s] GC(1) Concurrent Sweep
[2018-09-16T14:15:10.928-0100][1.651s] GC(1) Concurrent Sweep 0.045ms
[2018-09-16T14:15:10.928-0100][1.651s] GC(1) User=0.00s Sys=0.00s Real=0.00s
[2018-09-16T14:15:10.928-0100][1.651s] GC(1) Concurrent Reset
[2018-09-16T14:15:10.933-0100][1.656s] GC(1) Concurrent Reset 4.778ms
[2018-09-16T14:15:10.933-0100][1.656s] GC(1) User=0.01s Sys=0.01s Real=0.01s
[2018-09-16T14:15:10.933-0100][1.656s] GC(1) Old: 0K->0K(393216K)
[2018-09-16T14:15:11.778-0100][2.500s] GC(3) Pause Young (Allocation Failure)
[2018-09-16T14:15:11.778-0100][2.501s] GC(3) Using 4 workers of 4 for evacuation
[2018-09-16T14:15:11.786-0100][2.509s] GC(3) ParNew: 102060K->18903K(109248K)
[2018-09-16T14:15:11.786-0100][2.509s] GC(3) CMS: 0K->0K(393216K)
[2018-09-16T14:15:11.786-0100][2.509s] GC(3) Metaspace: 33121K->33121K(1079296K)
[2018-09-16T14:15:11.786-0100][2.509s] GC(3) Pause Young (Allocation Failure) 99M->18M(490M) 8.211ms
[2018-09-16T14:15:11.786-0100][2.509s] GC(3) User=0.03s Sys=0.00s Real=0.01s
[2018-09-16T14:15:12.075-0100][2.798s] GC(4) Pause Young (Allocation Failure)
[2018-09-16T14:15:12.075-0100][2.798s] GC(4) Using 4 workers of 4 for evacuation
[2018-09-16T14:15:12.086-0100][2.808s] GC(4) ParNew: 106317K->21824K(109248K)
[2018-09-16T14:15:12.086-0100][2.808s] GC(4) CMS: 0K->152K(393216K)
[2018-09-16T14:15:12.086-0100][2.808s] GC(4) Metaspace: 35711K->35711K(1081344K)
[2018-09-16T14:15:12.086-0100][2.808s] GC(4) Pause Young (Allocation Failure) 103M->21M(490M) 10.406ms
[2018-09-16T14:15:12.086-0100][2.808s] GC(4) User=0.06s Sys=0.01s Real=0.01s
[2018-09-16T14:15:12.202-0100][2.925s] GC(5) Pause Young (Allocation Failure)
[2018-09-16T14:15:12.202-0100][2.925s] GC(5) Using 4 workers of 4 for evacuation
[2018-09-16T14:15:12.210-0100][2.933s] GC(5) ParNew: 109248K->21824K(109248K)
[2018-09-16T14:15:12.210-0100][2.933s] GC(5) CMS: 152K->565K(393216K)
[2018-09-16T14:15:12.210-0100][2.933s] GC(5) Metaspace: 36614K->36614K(1083392K)
[2018-09-16T14:15:12.210-0100][2.933s] GC(5) Pause Young (Allocation Failure) 106M->21M(490M) 8.020ms
[2018-09-16T14:15:12.210-0100][2.933s] GC(5) User=0.03s Sys=0.00s Real=0.01s
[2018-09-16T14:15:12.628-0100][3.351s] GC(6) Pause Young (Allocation Failure)
[2018-09-16T14:15:12.628-0100][3.351s] GC(6) Using 4 workers of 4 for evacuation
[2018-09-16T14:15:12.636-0100][3.359s] GC(6) ParNew: 109248K->21824K(109248K)
[2018-09-16T14:15:12.636-0100][3.359s] GC(6) CMS: 565K->1963K(393216K)
[2018-09-16T14:15:12.636-0100][3.359s] GC(6) Metaspace: 40937K->40937K(1087488K)
[2018-09-16T14:15:12.636-0100][3.359s] GC(6) Pause Young (Allocation Failure) 107M->23M(490M) 8.363ms
[2018-09-16T14:15:12.636-0100][3.359s] GC(6) User=0.03s Sys=0.01s Real=0.01s
[2018-09-16T14:15:14.641-0100][5.363s] GC(7) Pause Initial Mark
[2018-09-16T14:15:14.648-0100][5.370s] GC(7) Pause Initial Mark 83M->83M(490M) 6.935ms
[2018-09-16T14:15:14.648-0100][5.370s] GC(7) User=0.02s Sys=0.00s Real=0.00s
[2018-09-16T14:15:14.648-0100][5.370s] GC(7) Concurrent Mark
[2018-09-16T14:15:14.648-0100][5.370s] GC(7) Using 4 workers of 4 for marking
[2018-09-16T14:15:14.649-0100][5.372s] GC(7) Concurrent Mark 1.490ms
[2018-09-16T14:15:14.649-0100][5.372s] GC(7) User=0.01s Sys=0.00s Real=0.00s
[2018-09-16T14:15:14.649-0100][5.372s] GC(7) Concurrent Preclean
[2018-09-16T14:15:14.650-0100][5.373s] GC(7) Concurrent Preclean 0.698ms
[2018-09-16T14:15:14.650-0100][5.373s] GC(7) User=0.00s Sys=0.00s Real=0.01s
[2018-09-16T14:15:14.650-0100][5.373s] GC(7) Concurrent Abortable Preclean
[2018-09-16T14:15:20.667-0100][11.389s] GC(7) Concurrent Abortable Preclean 6016.489ms
[2018-09-16T14:15:20.667-0100][11.389s] GC(7) User=2.31s Sys=0.02s Real=6.01s
[2018-09-16T14:15:20.667-0100][11.389s] GC(7) Pause Remark
[2018-09-16T14:15:20.667-0100][11.389s] GC(8) Pause Young (CMS Final Remark)
[2018-09-16T14:15:20.667-0100][11.389s] GC(8) Using 4 workers of 4 for evacuation
[2018-09-16T14:15:20.678-0100][11.401s] GC(8) ParNew: 83844K->21824K(109248K)
[2018-09-16T14:15:20.678-0100][11.401s] GC(8) CMS: 1963K->6502K(393216K)
[2018-09-16T14:15:20.678-0100][11.401s] GC(8) Metaspace: 46350K->46350K(1091584K)
[2018-09-16T14:15:20.678-0100][11.401s] GC(8) Pause Young (CMS Final Remark) 83M->27M(490M) 11.702ms
[2018-09-16T14:15:20.678-0100][11.401s] GC(8) User=0.04s Sys=0.00s Real=0.01s
[2018-09-16T14:15:20.695-0100][11.418s] GC(7) Pause Remark 83M->27M(490M) 28.276ms
[2018-09-16T14:15:20.695-0100][11.418s] GC(7) User=0.07s Sys=0.00s Real=0.03s
[2018-09-16T14:15:20.695-0100][11.418s] GC(7) Concurrent Sweep
[2018-09-16T14:15:20.697-0100][11.419s] GC(7) Concurrent Sweep 1.659ms
[2018-09-16T14:15:20.697-0100][11.419s] GC(7) User=0.00s Sys=0.00s Real=0.00s
[2018-09-16T14:15:20.697-0100][11.419s] GC(7) Concurrent Reset
[2018-09-16T14:15:20.697-0100][11.420s] GC(7) Concurrent Reset 0.282ms
[2018-09-16T14:15:20.697-0100][11.420s] GC(7) User=0.00s Sys=0.00s Real=0.00s
[2018-09-16T14:15:20.697-0100][11.420s] GC(7) Old: 1963K->6477K(393216K)
[2018-09-16T14:22:43.131-0100][453.852s] Heap
[2018-09-16T14:22:43.131-0100][453.853s]  par new generation   total 109248K, used 41548K [0x00000007a0000000, 0x00000007a8000000, 0x00000007a8000000)
[2018-09-16T14:22:43.131-0100][453.853s]   eden space 87424K,  22% used [0x00000007a0000000, 0x00000007a1343170, 0x00000007a5560000)
[2018-09-16T14:22:43.131-0100][453.853s]   from space 21824K, 100% used [0x00000007a6ab0000, 0x00000007a8000000, 0x00000007a8000000)
[2018-09-16T14:22:43.131-0100][453.853s]   to   space 21824K,   0% used [0x00000007a5560000, 0x00000007a5560000, 0x00000007a6ab0000)
[2018-09-16T14:22:43.131-0100][453.853s]  concurrent mark-sweep generation total 393216K, used 6477K [0x00000007a8000000, 0x00000007c0000000, 0x00000007c0000000)
[2018-09-16T14:22:43.131-0100][453.853s]  Metaspace       used 47140K, capacity 48064K, committed 48668K, reserved 1091584K
[2018-09-16T14:22:43.131-0100][453.853s]   class space    used 5246K, capacity 5622K, committed 5696K, reserved 1048576K
