[2018-09-16T12:42:39.805-0100][0.014s] Using Concurrent Mark Sweep
[2018-09-16T12:42:39.805-0100][0.014s] Heap address: 0x00000007a0000000, size: 512 MB, Compressed Oops mode: Zero based, Oop shift amount: 3
[2018-09-16T12:42:41.410-0100][1.619s] GC(0) Pause Young (Allocation Failure)
[2018-09-16T12:42:41.410-0100][1.619s] GC(0) Using 4 workers of 4 for evacuation
[2018-09-16T12:42:41.422-0100][1.631s] GC(0) ParNew: 87424K->10768K(109248K)
[2018-09-16T12:42:41.422-0100][1.631s] GC(0) CMS: 0K->0K(393216K)
[2018-09-16T12:42:41.422-0100][1.631s] GC(0) Metaspace: 24324K->24324K(1071104K)
[2018-09-16T12:42:41.422-0100][1.631s] GC(0) Pause Young (Allocation Failure) 85M->10M(490M) 12.220ms
[2018-09-16T12:42:41.422-0100][1.631s] GC(0) User=0.05s Sys=0.01s Real=0.01s
[2018-09-16T12:42:41.422-0100][1.631s] GC(1) Pause Initial Mark
[2018-09-16T12:42:41.424-0100][1.634s] GC(1) Pause Initial Mark 12M->12M(490M) 2.157ms
[2018-09-16T12:42:41.424-0100][1.634s] GC(1) User=0.01s Sys=0.00s Real=0.00s
[2018-09-16T12:42:41.424-0100][1.634s] GC(1) Concurrent Mark
[2018-09-16T12:42:41.424-0100][1.634s] GC(1) Using 4 workers of 4 for marking
[2018-09-16T12:42:41.426-0100][1.636s] GC(1) Concurrent Mark 2.046ms
[2018-09-16T12:42:41.427-0100][1.636s] GC(1) User=0.01s Sys=0.00s Real=0.00s
[2018-09-16T12:42:41.427-0100][1.636s] GC(1) Concurrent Preclean
[2018-09-16T12:42:41.427-0100][1.637s] GC(1) Concurrent Preclean 0.800ms
[2018-09-16T12:42:41.427-0100][1.637s] GC(1) User=0.01s Sys=0.00s Real=0.00s
[2018-09-16T12:42:41.428-0100][1.637s] GC(1) Concurrent Abortable Preclean
[2018-09-16T12:42:42.100-0100][2.309s] GC(1) Concurrent Abortable Preclean 672.622ms
[2018-09-16T12:42:42.100-0100][2.309s] GC(1) User=2.12s Sys=0.05s Real=0.68s
[2018-09-16T12:42:42.100-0100][2.310s] GC(1) Pause Remark
[2018-09-16T12:42:42.100-0100][2.310s] GC(2) Pause Young (CMS Final Remark)
[2018-09-16T12:42:42.100-0100][2.310s] GC(2) Using 4 workers of 4 for evacuation
[2018-09-16T12:42:42.107-0100][2.316s] GC(2) ParNew: 64137K->12955K(109248K)
[2018-09-16T12:42:42.107-0100][2.316s] GC(2) CMS: 0K->0K(393216K)
[2018-09-16T12:42:42.107-0100][2.316s] GC(2) Metaspace: 26957K->26957K(1075200K)
[2018-09-16T12:42:42.107-0100][2.316s] GC(2) Pause Young (CMS Final Remark) 62M->12M(490M) 6.799ms
[2018-09-16T12:42:42.107-0100][2.316s] GC(2) User=0.02s Sys=0.00s Real=0.00s
[2018-09-16T12:42:42.115-0100][2.325s] GC(1) Pause Remark 62M->12M(490M) 15.156ms
[2018-09-16T12:42:42.115-0100][2.325s] GC(1) User=0.05s Sys=0.00s Real=0.01s
[2018-09-16T12:42:42.116-0100][2.325s] GC(1) Concurrent Sweep
[2018-09-16T12:42:42.116-0100][2.325s] GC(1) Concurrent Sweep 0.052ms
[2018-09-16T12:42:42.116-0100][2.325s] GC(1) User=0.00s Sys=0.01s Real=0.00s
[2018-09-16T12:42:42.116-0100][2.325s] GC(1) Concurrent Reset
[2018-09-16T12:42:42.119-0100][2.328s] GC(1) Concurrent Reset 2.949ms
[2018-09-16T12:42:42.119-0100][2.328s] GC(1) User=0.00s Sys=0.00s Real=0.00s
[2018-09-16T12:42:42.119-0100][2.328s] GC(1) Old: 0K->0K(393216K)
[2018-09-16T12:42:42.744-0100][2.953s] GC(3) Pause Young (Allocation Failure)
[2018-09-16T12:42:42.744-0100][2.953s] GC(3) Using 4 workers of 4 for evacuation
[2018-09-16T12:42:42.753-0100][2.962s] GC(3) ParNew: 100379K->21824K(109248K)
[2018-09-16T12:42:42.753-0100][2.962s] GC(3) CMS: 0K->0K(393216K)
[2018-09-16T12:42:42.753-0100][2.962s] GC(3) Metaspace: 34495K->34495K(1081344K)
[2018-09-16T12:42:42.753-0100][2.962s] GC(3) Pause Young (Allocation Failure) 98M->21M(490M) 9.123ms
[2018-09-16T12:42:42.753-0100][2.962s] GC(3) User=0.04s Sys=0.00s Real=0.01s
[2018-09-16T12:42:42.998-0100][3.207s] GC(4) Pause Young (Allocation Failure)
[2018-09-16T12:42:42.998-0100][3.207s] GC(4) Using 4 workers of 4 for evacuation
[2018-09-16T12:42:43.007-0100][3.216s] GC(4) ParNew: 109248K->21824K(109248K)
[2018-09-16T12:42:43.007-0100][3.216s] GC(4) CMS: 0K->303K(393216K)
[2018-09-16T12:42:43.007-0100][3.216s] GC(4) Metaspace: 36554K->36554K(1083392K)
[2018-09-16T12:42:43.007-0100][3.216s] GC(4) Pause Young (Allocation Failure) 106M->21M(490M) 9.039ms
[2018-09-16T12:42:43.007-0100][3.216s] GC(4) User=0.03s Sys=0.01s Real=0.01s
[2018-09-16T12:42:43.147-0100][3.356s] GC(5) Pause Young (Allocation Failure)
[2018-09-16T12:42:43.147-0100][3.356s] GC(5) Using 4 workers of 4 for evacuation
[2018-09-16T12:42:43.156-0100][3.365s] GC(5) ParNew: 109248K->21824K(109248K)
[2018-09-16T12:42:43.156-0100][3.365s] GC(5) CMS: 303K->1264K(393216K)
[2018-09-16T12:42:43.156-0100][3.365s] GC(5) Metaspace: 37251K->37251K(1083392K)
[2018-09-16T12:42:43.156-0100][3.365s] GC(5) Pause Young (Allocation Failure) 106M->22M(490M) 8.731ms
[2018-09-16T12:42:43.156-0100][3.365s] GC(5) User=0.04s Sys=0.00s Real=0.01s
[2018-09-16T12:42:43.651-0100][3.860s] GC(6) Pause Young (Allocation Failure)
[2018-09-16T12:42:43.651-0100][3.860s] GC(6) Using 4 workers of 4 for evacuation
[2018-09-16T12:42:43.662-0100][3.871s] GC(6) ParNew: 109248K->21824K(109248K)
[2018-09-16T12:42:43.662-0100][3.871s] GC(6) CMS: 1264K->3442K(393216K)
[2018-09-16T12:42:43.662-0100][3.871s] GC(6) Metaspace: 42796K->42796K(1089536K)
[2018-09-16T12:42:43.662-0100][3.871s] GC(6) Pause Young (Allocation Failure) 107M->24M(490M) 11.017ms
[2018-09-16T12:42:43.662-0100][3.871s] GC(6) User=0.05s Sys=0.00s Real=0.01s
[2018-09-16T12:42:51.670-0100][11.879s] GC(7) Pause Initial Mark
[2018-09-16T12:42:51.675-0100][11.885s] GC(7) Pause Initial Mark 57M->57M(490M) 5.577ms
[2018-09-16T12:42:51.675-0100][11.885s] GC(7) User=0.02s Sys=0.00s Real=0.00s
[2018-09-16T12:42:51.675-0100][11.885s] GC(7) Concurrent Mark
[2018-09-16T12:42:51.675-0100][11.885s] GC(7) Using 4 workers of 4 for marking
[2018-09-16T12:42:51.678-0100][11.887s] GC(7) Concurrent Mark 2.082ms
[2018-09-16T12:42:51.678-0100][11.887s] GC(7) User=0.00s Sys=0.00s Real=0.00s
[2018-09-16T12:42:51.678-0100][11.887s] GC(7) Concurrent Preclean
[2018-09-16T12:42:51.678-0100][11.888s] GC(7) Concurrent Preclean 0.735ms
[2018-09-16T12:42:51.678-0100][11.888s] GC(7) User=0.01s Sys=0.00s Real=0.00s
[2018-09-16T12:42:51.678-0100][11.888s] GC(7) Concurrent Abortable Preclean
[2018-09-16T12:42:57.758-0100][17.967s] GC(7) Concurrent Abortable Preclean 6079.443ms
[2018-09-16T12:42:57.758-0100][17.967s] GC(7) User=2.59s Sys=0.01s Real=6.08s
[2018-09-16T12:42:57.758-0100][17.967s] GC(7) Pause Remark
[2018-09-16T12:42:57.758-0100][17.967s] GC(8) Pause Young (CMS Final Remark)
[2018-09-16T12:42:57.758-0100][17.967s] GC(8) Using 4 workers of 4 for evacuation
[2018-09-16T12:42:57.771-0100][17.981s] GC(8) ParNew: 55186K->19896K(109248K)
[2018-09-16T12:42:57.771-0100][17.981s] GC(8) CMS: 3442K->12660K(393216K)
[2018-09-16T12:42:57.771-0100][17.981s] GC(8) Metaspace: 46434K->46434K(1091584K)
[2018-09-16T12:42:57.771-0100][17.981s] GC(8) Pause Young (CMS Final Remark) 57M->31M(490M) 13.506ms
[2018-09-16T12:42:57.772-0100][17.981s] GC(8) User=0.04s Sys=0.01s Real=0.02s
[2018-09-16T12:42:57.787-0100][17.996s] GC(7) Pause Remark 57M->31M(490M) 28.851ms
[2018-09-16T12:42:57.787-0100][17.996s] GC(7) User=0.07s Sys=0.01s Real=0.03s
[2018-09-16T12:42:57.787-0100][17.996s] GC(7) Concurrent Sweep
[2018-09-16T12:42:57.791-0100][18.000s] GC(7) Concurrent Sweep 4.017ms
[2018-09-16T12:42:57.791-0100][18.000s] GC(7) User=0.00s Sys=0.00s Real=0.01s
[2018-09-16T12:42:57.791-0100][18.000s] GC(7) Concurrent Reset
[2018-09-16T12:42:57.791-0100][18.001s] GC(7) Concurrent Reset 0.290ms
[2018-09-16T12:42:57.791-0100][18.001s] GC(7) User=0.00s Sys=0.00s Real=0.00s
[2018-09-16T12:42:57.791-0100][18.001s] GC(7) Old: 3442K->12050K(393216K)
[2018-09-16T13:04:48.459-0100][1328.666s] Heap
[2018-09-16T13:04:48.459-0100][1328.666s]  par new generation   total 109248K, used 52277K [0x00000007a0000000, 0x00000007a8000000, 0x00000007a8000000)
[2018-09-16T13:04:48.459-0100][1328.666s]   eden space 87424K,  37% used [0x00000007a0000000, 0x00000007a1f9f3c8, 0x00000007a5560000)
[2018-09-16T13:04:48.459-0100][1328.666s]   from space 21824K,  91% used [0x00000007a6ab0000, 0x00000007a7e1e260, 0x00000007a8000000)
[2018-09-16T13:04:48.459-0100][1328.666s]   to   space 21824K,   0% used [0x00000007a5560000, 0x00000007a5560000, 0x00000007a6ab0000)
[2018-09-16T13:04:48.460-0100][1328.666s]  concurrent mark-sweep generation total 393216K, used 12050K [0x00000007a8000000, 0x00000007c0000000, 0x00000007c0000000)
[2018-09-16T13:04:48.460-0100][1328.666s]  Metaspace       used 47789K, capacity 48687K, committed 49184K, reserved 1093632K
[2018-09-16T13:04:48.460-0100][1328.666s]   class space    used 5308K, capacity 5701K, committed 5776K, reserved 1048576K
