[2018-09-16T11:21:53.511-0100][0.016s] Using Concurrent Mark Sweep
[2018-09-16T11:21:53.511-0100][0.017s] Heap address: 0x00000007a0000000, size: 512 MB, Compressed Oops mode: Zero based, Oop shift amount: 3
[2018-09-16T11:21:55.284-0100][1.789s] GC(0) Pause Young (Allocation Failure)
[2018-09-16T11:21:55.284-0100][1.789s] GC(0) Using 4 workers of 4 for evacuation
[2018-09-16T11:21:55.296-0100][1.801s] GC(0) ParNew: 87424K->10981K(109248K)
[2018-09-16T11:21:55.296-0100][1.801s] GC(0) CMS: 0K->0K(393216K)
[2018-09-16T11:21:55.296-0100][1.801s] GC(0) Metaspace: 25828K->25828K(1073152K)
[2018-09-16T11:21:55.296-0100][1.801s] GC(0) Pause Young (Allocation Failure) 85M->10M(490M) 12.079ms
[2018-09-16T11:21:55.296-0100][1.801s] GC(0) User=0.03s Sys=0.01s Real=0.01s
[2018-09-16T11:21:55.296-0100][1.802s] GC(1) Pause Initial Mark
[2018-09-16T11:21:55.299-0100][1.804s] GC(1) Pause Initial Mark 12M->12M(490M) 2.239ms
[2018-09-16T11:21:55.299-0100][1.804s] GC(1) User=0.01s Sys=0.00s Real=0.00s
[2018-09-16T11:21:55.299-0100][1.804s] GC(1) Concurrent Mark
[2018-09-16T11:21:55.299-0100][1.804s] GC(1) Using 4 workers of 4 for marking
[2018-09-16T11:21:55.299-0100][1.804s] GC(1) Concurrent Mark 0.158ms
[2018-09-16T11:21:55.299-0100][1.804s] GC(1) User=0.00s Sys=0.00s Real=0.00s
[2018-09-16T11:21:55.299-0100][1.804s] GC(1) Concurrent Preclean
[2018-09-16T11:21:55.300-0100][1.805s] GC(1) Concurrent Preclean 0.832ms
[2018-09-16T11:21:55.300-0100][1.805s] GC(1) User=0.01s Sys=0.00s Real=0.01s
[2018-09-16T11:21:55.300-0100][1.805s] GC(1) Pause Remark
[2018-09-16T11:21:55.300-0100][1.805s] GC(2) Pause Young (CMS Final Remark)
[2018-09-16T11:21:55.300-0100][1.805s] GC(2) Using 4 workers of 4 for evacuation
[2018-09-16T11:21:55.309-0100][1.814s] GC(2) ParNew: 12654K->14188K(109248K)
[2018-09-16T11:21:55.309-0100][1.815s] GC(2) CMS: 0K->0K(393216K)
[2018-09-16T11:21:55.309-0100][1.815s] GC(2) Metaspace: 25831K->25831K(1073152K)
[2018-09-16T11:21:55.309-0100][1.815s] GC(2) Pause Young (CMS Final Remark) 12M->13M(490M) 9.191ms
[2018-09-16T11:21:55.309-0100][1.815s] GC(2) User=0.02s Sys=0.01s Real=0.00s
[2018-09-16T11:21:55.322-0100][1.827s] GC(1) Pause Remark 12M->13M(490M) 21.598ms
[2018-09-16T11:21:55.322-0100][1.827s] GC(1) User=0.05s Sys=0.01s Real=0.02s
[2018-09-16T11:21:55.322-0100][1.827s] GC(1) Concurrent Sweep
[2018-09-16T11:21:55.322-0100][1.827s] GC(1) Concurrent Sweep 0.051ms
[2018-09-16T11:21:55.322-0100][1.827s] GC(1) User=0.00s Sys=0.00s Real=0.00s
[2018-09-16T11:21:55.322-0100][1.827s] GC(1) Concurrent Reset
[2018-09-16T11:21:55.327-0100][1.832s] GC(1) Concurrent Reset 5.116ms
[2018-09-16T11:21:55.327-0100][1.832s] GC(1) User=0.01s Sys=0.01s Real=0.00s
[2018-09-16T11:21:55.327-0100][1.832s] GC(1) Old: 0K->0K(393216K)
[2018-09-16T11:21:56.296-0100][2.801s] GC(3) Pause Young (Allocation Failure)
[2018-09-16T11:21:56.296-0100][2.801s] GC(3) Using 4 workers of 4 for evacuation
[2018-09-16T11:21:56.303-0100][2.808s] GC(3) ParNew: 101612K->15834K(109248K)
[2018-09-16T11:21:56.303-0100][2.808s] GC(3) CMS: 0K->0K(393216K)
[2018-09-16T11:21:56.303-0100][2.808s] GC(3) Metaspace: 31361K->31361K(1077248K)
[2018-09-16T11:21:56.303-0100][2.808s] GC(3) Pause Young (Allocation Failure) 99M->15M(490M) 6.603ms
[2018-09-16T11:21:56.303-0100][2.808s] GC(3) User=0.03s Sys=0.01s Real=0.01s
[2018-09-16T11:21:56.722-0100][3.227s] GC(4) Pause Young (Allocation Failure)
[2018-09-16T11:21:56.722-0100][3.227s] GC(4) Using 4 workers of 4 for evacuation
[2018-09-16T11:21:56.731-0100][3.236s] GC(4) ParNew: 103258K->21824K(109248K)
[2018-09-16T11:21:56.731-0100][3.237s] GC(4) CMS: 0K->99K(393216K)
[2018-09-16T11:21:56.731-0100][3.237s] GC(4) Metaspace: 35604K->35604K(1081344K)
[2018-09-16T11:21:56.731-0100][3.237s] GC(4) Pause Young (Allocation Failure) 100M->21M(490M) 9.636ms
[2018-09-16T11:21:56.731-0100][3.237s] GC(4) User=0.05s Sys=0.00s Real=0.01s
[2018-09-16T11:21:56.870-0100][3.375s] GC(5) Pause Young (Allocation Failure)
[2018-09-16T11:21:56.870-0100][3.375s] GC(5) Using 4 workers of 4 for evacuation
[2018-09-16T11:21:56.878-0100][3.383s] GC(5) ParNew: 109248K->21824K(109248K)
[2018-09-16T11:21:56.878-0100][3.383s] GC(5) CMS: 99K->272K(393216K)
[2018-09-16T11:21:56.878-0100][3.383s] GC(5) Metaspace: 36703K->36703K(1083392K)
[2018-09-16T11:21:56.878-0100][3.383s] GC(5) Pause Young (Allocation Failure) 106M->21M(490M) 8.086ms
[2018-09-16T11:21:56.878-0100][3.383s] GC(5) User=0.04s Sys=0.01s Real=0.00s
[2018-09-16T11:21:57.231-0100][3.736s] GC(6) Pause Young (Allocation Failure)
[2018-09-16T11:21:57.231-0100][3.736s] GC(6) Using 4 workers of 4 for evacuation
[2018-09-16T11:21:57.239-0100][3.744s] GC(6) ParNew: 109248K->21824K(109248K)
[2018-09-16T11:21:57.239-0100][3.744s] GC(6) CMS: 272K->1063K(393216K)
[2018-09-16T11:21:57.239-0100][3.744s] GC(6) Metaspace: 39706K->39706K(1085440K)
[2018-09-16T11:21:57.239-0100][3.744s] GC(6) Pause Young (Allocation Failure) 106M->22M(490M) 8.270ms
[2018-09-16T11:21:57.239-0100][3.744s] GC(6) User=0.03s Sys=0.00s Real=0.00s
[2018-09-16T11:21:59.241-0100][5.746s] GC(7) Pause Initial Mark
[2018-09-16T11:21:59.249-0100][5.754s] GC(7) Pause Initial Mark 91M->91M(490M) 7.871ms
[2018-09-16T11:21:59.249-0100][5.754s] GC(7) User=0.03s Sys=0.00s Real=0.00s
[2018-09-16T11:21:59.249-0100][5.754s] GC(7) Concurrent Mark
[2018-09-16T11:21:59.249-0100][5.754s] GC(7) Using 4 workers of 4 for marking
[2018-09-16T11:21:59.250-0100][5.755s] GC(7) Concurrent Mark 1.438ms
[2018-09-16T11:21:59.250-0100][5.755s] GC(7) User=0.00s Sys=0.00s Real=0.01s
[2018-09-16T11:21:59.250-0100][5.755s] GC(7) Concurrent Preclean
[2018-09-16T11:21:59.251-0100][5.756s] GC(7) Concurrent Preclean 0.476ms
[2018-09-16T11:21:59.251-0100][5.756s] GC(7) User=0.00s Sys=0.00s Real=0.00s
[2018-09-16T11:21:59.251-0100][5.756s] GC(7) Concurrent Abortable Preclean
[2018-09-16T11:22:05.380-0100][11.885s] GC(7) Concurrent Abortable Preclean 6128.754ms
[2018-09-16T11:22:05.380-0100][11.885s] GC(7) User=2.34s Sys=0.01s Real=6.13s
[2018-09-16T11:22:05.380-0100][11.885s] GC(7) Pause Remark
[2018-09-16T11:22:05.380-0100][11.885s] GC(8) Pause Young (CMS Final Remark)
[2018-09-16T11:22:05.380-0100][11.885s] GC(8) Using 4 workers of 4 for evacuation
[2018-09-16T11:22:05.392-0100][11.897s] GC(8) ParNew: 92714K->21824K(109248K)
[2018-09-16T11:22:05.392-0100][11.897s] GC(8) CMS: 1063K->2283K(393216K)
[2018-09-16T11:22:05.392-0100][11.897s] GC(8) Metaspace: 44812K->44812K(1089536K)
[2018-09-16T11:22:05.392-0100][11.897s] GC(8) Pause Young (CMS Final Remark) 91M->23M(490M) 12.072ms
[2018-09-16T11:22:05.392-0100][11.897s] GC(8) User=0.05s Sys=0.00s Real=0.01s
[2018-09-16T11:22:05.415-0100][11.920s] GC(7) Pause Remark 91M->23M(490M) 35.247ms
[2018-09-16T11:22:05.415-0100][11.920s] GC(7) User=0.08s Sys=0.00s Real=0.03s
[2018-09-16T11:22:05.415-0100][11.920s] GC(7) Concurrent Sweep
[2018-09-16T11:22:05.416-0100][11.921s] GC(7) Concurrent Sweep 1.217ms
[2018-09-16T11:22:05.416-0100][11.921s] GC(7) User=0.01s Sys=0.00s Real=0.00s
[2018-09-16T11:22:05.416-0100][11.921s] GC(7) Concurrent Reset
[2018-09-16T11:22:05.417-0100][11.922s] GC(7) Concurrent Reset 0.306ms
[2018-09-16T11:22:05.417-0100][11.922s] GC(7) User=0.00s Sys=0.00s Real=0.00s
[2018-09-16T11:22:05.417-0100][11.922s] GC(7) Old: 1063K->2282K(393216K)
[2018-09-16T11:24:06.355-0100][132.860s] Heap
[2018-09-16T11:24:06.355-0100][132.860s]  par new generation   total 109248K, used 37392K [0x00000007a0000000, 0x00000007a8000000, 0x00000007a8000000)
[2018-09-16T11:24:06.355-0100][132.860s]   eden space 87424K,  17% used [0x00000007a0000000, 0x00000007a0f34078, 0x00000007a5560000)
[2018-09-16T11:24:06.355-0100][132.860s]   from space 21824K, 100% used [0x00000007a6ab0000, 0x00000007a8000000, 0x00000007a8000000)
[2018-09-16T11:24:06.355-0100][132.860s]   to   space 21824K,   0% used [0x00000007a5560000, 0x00000007a5560000, 0x00000007a6ab0000)
[2018-09-16T11:24:06.355-0100][132.860s]  concurrent mark-sweep generation total 393216K, used 2282K [0x00000007a8000000, 0x00000007c0000000, 0x00000007c0000000)
[2018-09-16T11:24:06.355-0100][132.860s]  Metaspace       used 45471K, capacity 46308K, committed 46968K, reserved 1091584K
[2018-09-16T11:24:06.355-0100][132.860s]   class space    used 5048K, capacity 5417K, committed 5496K, reserved 1048576K
