[2018-09-16T14:11:01.188-0100][0.014s] Using Concurrent Mark Sweep
[2018-09-16T14:11:01.188-0100][0.014s] Heap address: 0x00000007a0000000, size: 512 MB, Compressed Oops mode: Zero based, Oop shift amount: 3
[2018-09-16T14:11:02.457-0100][1.283s] GC(0) Pause Young (Allocation Failure)
[2018-09-16T14:11:02.457-0100][1.283s] GC(0) Using 4 workers of 4 for evacuation
[2018-09-16T14:11:02.465-0100][1.291s] GC(0) ParNew: 87424K->10872K(109248K)
[2018-09-16T14:11:02.465-0100][1.291s] GC(0) CMS: 0K->0K(393216K)
[2018-09-16T14:11:02.465-0100][1.291s] GC(0) Metaspace: 24696K->24696K(1073152K)
[2018-09-16T14:11:02.465-0100][1.291s] GC(0) Pause Young (Allocation Failure) 85M->10M(490M) 8.255ms
[2018-09-16T14:11:02.465-0100][1.291s] GC(0) User=0.02s Sys=0.00s Real=0.01s
[2018-09-16T14:11:02.465-0100][1.291s] GC(1) Pause Initial Mark
[2018-09-16T14:11:02.467-0100][1.293s] GC(1) Pause Initial Mark 12M->12M(490M) 1.433ms
[2018-09-16T14:11:02.467-0100][1.293s] GC(1) User=0.01s Sys=0.00s Real=0.00s
[2018-09-16T14:11:02.467-0100][1.293s] GC(1) Concurrent Mark
[2018-09-16T14:11:02.467-0100][1.293s] GC(1) Using 4 workers of 4 for marking
[2018-09-16T14:11:02.467-0100][1.293s] GC(1) Concurrent Mark 0.127ms
[2018-09-16T14:11:02.467-0100][1.293s] GC(1) User=0.00s Sys=0.00s Real=0.00s
[2018-09-16T14:11:02.467-0100][1.293s] GC(1) Concurrent Preclean
[2018-09-16T14:11:02.468-0100][1.294s] GC(1) Concurrent Preclean 0.690ms
[2018-09-16T14:11:02.468-0100][1.294s] GC(1) User=0.00s Sys=0.00s Real=0.00s
[2018-09-16T14:11:02.468-0100][1.294s] GC(1) Pause Remark
[2018-09-16T14:11:02.468-0100][1.294s] GC(2) Pause Young (CMS Final Remark)
[2018-09-16T14:11:02.468-0100][1.294s] GC(2) Using 4 workers of 4 for evacuation
[2018-09-16T14:11:02.474-0100][1.300s] GC(2) ParNew: 12480K->14114K(109248K)
[2018-09-16T14:11:02.474-0100][1.300s] GC(2) CMS: 0K->0K(393216K)
[2018-09-16T14:11:02.474-0100][1.300s] GC(2) Metaspace: 24701K->24701K(1073152K)
[2018-09-16T14:11:02.474-0100][1.300s] GC(2) Pause Young (CMS Final Remark) 12M->13M(490M) 6.080ms
[2018-09-16T14:11:02.474-0100][1.300s] GC(2) User=0.02s Sys=0.01s Real=0.01s
[2018-09-16T14:11:02.482-0100][1.308s] GC(1) Pause Remark 12M->13M(490M) 13.698ms
[2018-09-16T14:11:02.482-0100][1.308s] GC(1) User=0.03s Sys=0.01s Real=0.02s
[2018-09-16T14:11:02.482-0100][1.308s] GC(1) Concurrent Sweep
[2018-09-16T14:11:02.482-0100][1.308s] GC(1) Concurrent Sweep 0.148ms
[2018-09-16T14:11:02.482-0100][1.308s] GC(1) User=0.00s Sys=0.00s Real=0.00s
[2018-09-16T14:11:02.482-0100][1.308s] GC(1) Concurrent Reset
[2018-09-16T14:11:02.486-0100][1.312s] GC(1) Concurrent Reset 4.131ms
[2018-09-16T14:11:02.486-0100][1.312s] GC(1) User=0.02s Sys=0.00s Real=0.00s
[2018-09-16T14:11:02.486-0100][1.313s] GC(1) Old: 0K->0K(393216K)
[2018-09-16T14:11:03.198-0100][2.024s] GC(3) Pause Young (Allocation Failure)
[2018-09-16T14:11:03.198-0100][2.024s] GC(3) Using 4 workers of 4 for evacuation
[2018-09-16T14:11:03.210-0100][2.036s] GC(3) ParNew: 101538K->21023K(109248K)
[2018-09-16T14:11:03.210-0100][2.036s] GC(3) CMS: 0K->0K(393216K)
[2018-09-16T14:11:03.210-0100][2.036s] GC(3) Metaspace: 33284K->33284K(1079296K)
[2018-09-16T14:11:03.210-0100][2.036s] GC(3) Pause Young (Allocation Failure) 99M->20M(490M) 11.415ms
[2018-09-16T14:11:03.210-0100][2.036s] GC(3) User=0.04s Sys=0.00s Real=0.02s
[2018-09-16T14:11:03.507-0100][2.334s] GC(4) Pause Young (Allocation Failure)
[2018-09-16T14:11:03.507-0100][2.334s] GC(4) Using 4 workers of 4 for evacuation
[2018-09-16T14:11:03.517-0100][2.343s] GC(4) ParNew: 108447K->21824K(109248K)
[2018-09-16T14:11:03.517-0100][2.343s] GC(4) CMS: 0K->124K(393216K)
[2018-09-16T14:11:03.517-0100][2.343s] GC(4) Metaspace: 35887K->35887K(1083392K)
[2018-09-16T14:11:03.517-0100][2.343s] GC(4) Pause Young (Allocation Failure) 105M->21M(490M) 9.936ms
[2018-09-16T14:11:03.517-0100][2.343s] GC(4) User=0.05s Sys=0.00s Real=0.01s
[2018-09-16T14:11:03.642-0100][2.468s] GC(5) Pause Young (Allocation Failure)
[2018-09-16T14:11:03.642-0100][2.468s] GC(5) Using 4 workers of 4 for evacuation
[2018-09-16T14:11:03.649-0100][2.476s] GC(5) ParNew: 109248K->21824K(109248K)
[2018-09-16T14:11:03.649-0100][2.476s] GC(5) CMS: 124K->354K(393216K)
[2018-09-16T14:11:03.649-0100][2.476s] GC(5) Metaspace: 36858K->36858K(1083392K)
[2018-09-16T14:11:03.649-0100][2.476s] GC(5) Pause Young (Allocation Failure) 106M->21M(490M) 7.208ms
[2018-09-16T14:11:03.650-0100][2.476s] GC(5) User=0.03s Sys=0.00s Real=0.01s
[2018-09-16T14:11:04.076-0100][2.903s] GC(6) Pause Young (Allocation Failure)
[2018-09-16T14:11:04.076-0100][2.903s] GC(6) Using 4 workers of 4 for evacuation
[2018-09-16T14:11:04.085-0100][2.912s] GC(6) ParNew: 109248K->21824K(109248K)
[2018-09-16T14:11:04.086-0100][2.912s] GC(6) CMS: 354K->690K(393216K)
[2018-09-16T14:11:04.086-0100][2.912s] GC(6) Metaspace: 41287K->41287K(1087488K)
[2018-09-16T14:11:04.086-0100][2.912s] GC(6) Pause Young (Allocation Failure) 107M->21M(490M) 9.144ms
[2018-09-16T14:11:04.086-0100][2.912s] GC(6) User=0.05s Sys=0.00s Real=0.01s
[2018-09-16T14:11:06.090-0100][4.916s] GC(7) Pause Initial Mark
[2018-09-16T14:11:06.096-0100][4.923s] GC(7) Pause Initial Mark 62M->62M(490M) 6.106ms
[2018-09-16T14:11:06.097-0100][4.923s] GC(7) User=0.02s Sys=0.00s Real=0.00s
[2018-09-16T14:11:06.097-0100][4.923s] GC(7) Concurrent Mark
[2018-09-16T14:11:06.097-0100][4.923s] GC(7) Using 4 workers of 4 for marking
[2018-09-16T14:11:06.098-0100][4.924s] GC(7) Concurrent Mark 1.190ms
[2018-09-16T14:11:06.098-0100][4.924s] GC(7) User=0.00s Sys=0.00s Real=0.00s
[2018-09-16T14:11:06.098-0100][4.924s] GC(7) Concurrent Preclean
[2018-09-16T14:11:06.098-0100][4.925s] GC(7) Concurrent Preclean 0.581ms
[2018-09-16T14:11:06.098-0100][4.925s] GC(7) User=0.00s Sys=0.00s Real=0.00s
[2018-09-16T14:11:06.098-0100][4.925s] GC(7) Concurrent Abortable Preclean
[2018-09-16T14:11:12.128-0100][10.954s] GC(7) Concurrent Abortable Preclean 6029.136ms
[2018-09-16T14:11:12.128-0100][10.954s] GC(7) User=3.07s Sys=0.05s Real=6.03s
[2018-09-16T14:11:12.128-0100][10.954s] GC(7) Pause Remark
[2018-09-16T14:11:12.128-0100][10.954s] GC(8) Pause Young (CMS Final Remark)
[2018-09-16T14:11:12.128-0100][10.954s] GC(8) Using 4 workers of 4 for evacuation
[2018-09-16T14:11:12.147-0100][10.973s] GC(8) ParNew: 79369K->21824K(109248K)
[2018-09-16T14:11:12.147-0100][10.973s] GC(8) CMS: 690K->11241K(393216K)
[2018-09-16T14:11:12.147-0100][10.973s] GC(8) Metaspace: 46362K->46362K(1091584K)
[2018-09-16T14:11:12.147-0100][10.973s] GC(8) Pause Young (CMS Final Remark) 78M->32M(490M) 19.402ms
[2018-09-16T14:11:12.147-0100][10.973s] GC(8) User=0.06s Sys=0.01s Real=0.02s
[2018-09-16T14:11:12.162-0100][10.988s] GC(7) Pause Remark 78M->32M(490M) 34.513ms
[2018-09-16T14:11:12.162-0100][10.988s] GC(7) User=0.09s Sys=0.01s Real=0.04s
[2018-09-16T14:11:12.162-0100][10.989s] GC(7) Concurrent Sweep
[2018-09-16T14:11:12.166-0100][10.992s] GC(7) Concurrent Sweep 3.561ms
[2018-09-16T14:11:12.166-0100][10.992s] GC(7) User=0.00s Sys=0.00s Real=0.00s
[2018-09-16T14:11:12.166-0100][10.992s] GC(7) Concurrent Reset
[2018-09-16T14:11:12.166-0100][10.992s] GC(7) Concurrent Reset 0.282ms
[2018-09-16T14:11:12.166-0100][10.993s] GC(7) User=0.00s Sys=0.00s Real=0.00s
[2018-09-16T14:11:12.166-0100][10.993s] GC(7) Old: 690K->11212K(393216K)
[2018-09-16T14:11:18.529-0100][17.355s] GC(9) Pause Young (Allocation Failure)
[2018-09-16T14:11:18.529-0100][17.355s] GC(9) Using 4 workers of 4 for evacuation
[2018-09-16T14:11:18.535-0100][17.361s] GC(9) ParNew: 109248K->14712K(109248K)
[2018-09-16T14:11:18.535-0100][17.361s] GC(9) CMS: 11212K->11212K(393216K)
[2018-09-16T14:11:18.535-0100][17.361s] GC(9) Metaspace: 46448K->46448K(1091584K)
[2018-09-16T14:11:18.535-0100][17.361s] GC(9) Pause Young (Allocation Failure) 117M->25M(490M) 5.412ms
[2018-09-16T14:11:18.535-0100][17.361s] GC(9) User=0.03s Sys=0.00s Real=0.01s
[2018-09-16T14:11:18.595-0100][17.421s] GC(10) Pause Young (Allocation Failure)
[2018-09-16T14:11:18.595-0100][17.421s] GC(10) Using 4 workers of 4 for evacuation
[2018-09-16T14:11:18.600-0100][17.427s] GC(10) ParNew: 102136K->14703K(109248K)
[2018-09-16T14:11:18.600-0100][17.427s] GC(10) CMS: 11212K->11212K(393216K)
[2018-09-16T14:11:18.600-0100][17.427s] GC(10) Metaspace: 46510K->46510K(1091584K)
[2018-09-16T14:11:18.601-0100][17.427s] GC(10) Pause Young (Allocation Failure) 110M->25M(490M) 5.413ms
[2018-09-16T14:11:18.601-0100][17.427s] GC(10) User=0.02s Sys=0.00s Real=0.01s
[2018-09-16T14:12:12.183-0100][71.009s] Heap
[2018-09-16T14:12:12.183-0100][71.009s]  par new generation   total 109248K, used 87828K [0x00000007a0000000, 0x00000007a8000000, 0x00000007a8000000)
[2018-09-16T14:12:12.183-0100][71.009s]   eden space 87424K,  83% used [0x00000007a0000000, 0x00000007a4769358, 0x00000007a5560000)
[2018-09-16T14:12:12.183-0100][71.009s]   from space 21824K,  67% used [0x00000007a6ab0000, 0x00000007a790bed0, 0x00000007a8000000)
[2018-09-16T14:12:12.183-0100][71.009s]   to   space 21824K,   0% used [0x00000007a5560000, 0x00000007a5560000, 0x00000007a6ab0000)
[2018-09-16T14:12:12.183-0100][71.009s]  concurrent mark-sweep generation total 393216K, used 11212K [0x00000007a8000000, 0x00000007c0000000, 0x00000007c0000000)
[2018-09-16T14:12:12.183-0100][71.009s]  Metaspace       used 49096K, capacity 50081K, committed 50868K, reserved 1093632K
[2018-09-16T14:12:12.183-0100][71.009s]   class space    used 5439K, capacity 5845K, committed 5956K, reserved 1048576K
