[2018-09-16T18:05:08.589-0100][0.017s] Using Concurrent Mark Sweep
[2018-09-16T18:05:08.589-0100][0.017s] Heap address: 0x00000007a0000000, size: 512 MB, Compressed Oops mode: Zero based, Oop shift amount: 3
[2018-09-16T18:05:10.213-0100][1.641s] GC(0) Pause Young (Allocation Failure)
[2018-09-16T18:05:10.213-0100][1.641s] GC(0) Using 4 workers of 4 for evacuation
[2018-09-16T18:05:10.225-0100][1.653s] GC(0) ParNew: 87424K->10828K(109248K)
[2018-09-16T18:05:10.225-0100][1.653s] GC(0) CMS: 0K->0K(393216K)
[2018-09-16T18:05:10.225-0100][1.653s] GC(0) Metaspace: 24506K->24506K(1071104K)
[2018-09-16T18:05:10.225-0100][1.653s] GC(0) Pause Young (Allocation Failure) 85M->10M(490M) 12.078ms
[2018-09-16T18:05:10.225-0100][1.653s] GC(0) User=0.05s Sys=0.01s Real=0.01s
[2018-09-16T18:05:10.225-0100][1.653s] GC(1) Pause Initial Mark
[2018-09-16T18:05:10.227-0100][1.656s] GC(1) Pause Initial Mark 12M->12M(490M) 2.121ms
[2018-09-16T18:05:10.227-0100][1.656s] GC(1) User=0.01s Sys=0.00s Real=0.00s
[2018-09-16T18:05:10.227-0100][1.656s] GC(1) Concurrent Mark
[2018-09-16T18:05:10.228-0100][1.656s] GC(1) Using 4 workers of 4 for marking
[2018-09-16T18:05:10.230-0100][1.658s] GC(1) Concurrent Mark 2.470ms
[2018-09-16T18:05:10.230-0100][1.658s] GC(1) User=0.01s Sys=0.00s Real=0.01s
[2018-09-16T18:05:10.230-0100][1.658s] GC(1) Concurrent Preclean
[2018-09-16T18:05:10.231-0100][1.660s] GC(1) Concurrent Preclean 1.288ms
[2018-09-16T18:05:10.232-0100][1.660s] GC(1) User=0.01s Sys=0.00s Real=0.00s
[2018-09-16T18:05:10.232-0100][1.660s] GC(1) Pause Remark
[2018-09-16T18:05:10.240-0100][1.668s] GC(1) Pause Remark 12M->12M(490M) 8.367ms
[2018-09-16T18:05:10.240-0100][1.668s] GC(1) User=0.01s Sys=0.00s Real=0.01s
[2018-09-16T18:05:10.240-0100][1.668s] GC(1) Concurrent Sweep
[2018-09-16T18:05:10.240-0100][1.668s] GC(2) Pause Young (GCLocker Initiated GC)
[2018-09-16T18:05:10.240-0100][1.668s] GC(2) Using 4 workers of 4 for evacuation
[2018-09-16T18:05:10.249-0100][1.677s] GC(2) ParNew: 12420K->14142K(109248K)
[2018-09-16T18:05:10.249-0100][1.677s] GC(2) CMS: 0K->0K(393216K)
[2018-09-16T18:05:10.249-0100][1.677s] GC(2) Metaspace: 24546K->24546K(1071104K)
[2018-09-16T18:05:10.249-0100][1.677s] GC(2) Pause Young (GCLocker Initiated GC) 12M->13M(490M) 8.989ms
[2018-09-16T18:05:10.249-0100][1.677s] GC(2) User=0.03s Sys=0.01s Real=0.00s
[2018-09-16T18:05:10.249-0100][1.678s] GC(1) Concurrent Sweep 9.226ms
[2018-09-16T18:05:10.249-0100][1.678s] GC(1) User=0.03s Sys=0.01s Real=0.00s
[2018-09-16T18:05:10.249-0100][1.678s] GC(1) Concurrent Reset
[2018-09-16T18:05:10.255-0100][1.683s] GC(1) Concurrent Reset 5.519ms
[2018-09-16T18:05:10.255-0100][1.683s] GC(1) User=0.02s Sys=0.01s Real=0.01s
[2018-09-16T18:05:10.255-0100][1.683s] GC(1) Old: 0K->0K(393216K)
[2018-09-16T18:05:11.115-0100][2.543s] GC(3) Pause Young (Allocation Failure)
[2018-09-16T18:05:11.115-0100][2.543s] GC(3) Using 4 workers of 4 for evacuation
[2018-09-16T18:05:11.124-0100][2.552s] GC(3) ParNew: 101566K->20297K(109248K)
[2018-09-16T18:05:11.124-0100][2.552s] GC(3) CMS: 0K->0K(393216K)
[2018-09-16T18:05:11.124-0100][2.552s] GC(3) Metaspace: 33465K->33465K(1079296K)
[2018-09-16T18:05:11.124-0100][2.552s] GC(3) Pause Young (Allocation Failure) 99M->19M(490M) 9.236ms
[2018-09-16T18:05:11.124-0100][2.552s] GC(3) User=0.04s Sys=0.01s Real=0.01s
[2018-09-16T18:05:11.387-0100][2.815s] GC(4) Pause Young (Allocation Failure)
[2018-09-16T18:05:11.387-0100][2.815s] GC(4) Using 4 workers of 4 for evacuation
[2018-09-16T18:05:11.396-0100][2.824s] GC(4) ParNew: 107721K->21824K(109248K)
[2018-09-16T18:05:11.396-0100][2.825s] GC(4) CMS: 0K->0K(393216K)
[2018-09-16T18:05:11.396-0100][2.825s] GC(4) Metaspace: 35812K->35812K(1081344K)
[2018-09-16T18:05:11.396-0100][2.825s] GC(4) Pause Young (Allocation Failure) 105M->21M(490M) 9.873ms
[2018-09-16T18:05:11.396-0100][2.825s] GC(4) User=0.06s Sys=0.01s Real=0.01s
[2018-09-16T18:05:11.541-0100][2.969s] GC(5) Pause Young (Allocation Failure)
[2018-09-16T18:05:11.541-0100][2.969s] GC(5) Using 4 workers of 4 for evacuation
[2018-09-16T18:05:11.550-0100][2.978s] GC(5) ParNew: 109248K->21824K(109248K)
[2018-09-16T18:05:11.550-0100][2.978s] GC(5) CMS: 0K->217K(393216K)
[2018-09-16T18:05:11.550-0100][2.978s] GC(5) Metaspace: 36764K->36764K(1083392K)
[2018-09-16T18:05:11.550-0100][2.978s] GC(5) Pause Young (Allocation Failure) 106M->21M(490M) 9.616ms
[2018-09-16T18:05:11.550-0100][2.978s] GC(5) User=0.08s Sys=0.00s Real=0.01s
[2018-09-16T18:05:12.010-0100][3.438s] GC(6) Pause Young (Allocation Failure)
[2018-09-16T18:05:12.010-0100][3.438s] GC(6) Using 4 workers of 4 for evacuation
[2018-09-16T18:05:12.019-0100][3.447s] GC(6) ParNew: 109248K->21824K(109248K)
[2018-09-16T18:05:12.019-0100][3.447s] GC(6) CMS: 217K->1174K(393216K)
[2018-09-16T18:05:12.019-0100][3.447s] GC(6) Metaspace: 41180K->41180K(1087488K)
[2018-09-16T18:05:12.019-0100][3.447s] GC(6) Pause Young (Allocation Failure) 106M->22M(490M) 9.607ms
[2018-09-16T18:05:12.019-0100][3.447s] GC(6) User=0.04s Sys=0.00s Real=0.00s
[2018-09-16T18:05:12.019-0100][3.448s] GC(7) Pause Initial Mark
[2018-09-16T18:05:12.023-0100][3.451s] GC(7) Pause Initial Mark 23M->23M(490M) 3.297ms
[2018-09-16T18:05:12.023-0100][3.451s] GC(7) User=0.01s Sys=0.00s Real=0.01s
[2018-09-16T18:05:12.023-0100][3.451s] GC(7) Concurrent Mark
[2018-09-16T18:05:12.023-0100][3.451s] GC(7) Using 4 workers of 4 for marking
[2018-09-16T18:05:12.024-0100][3.452s] GC(7) Concurrent Mark 1.226ms
[2018-09-16T18:05:12.024-0100][3.452s] GC(7) User=0.01s Sys=0.00s Real=0.00s
[2018-09-16T18:05:12.024-0100][3.452s] GC(7) Concurrent Preclean
[2018-09-16T18:05:12.024-0100][3.453s] GC(7) Concurrent Preclean 0.345ms
[2018-09-16T18:05:12.024-0100][3.453s] GC(7) User=0.00s Sys=0.00s Real=0.00s
[2018-09-16T18:05:12.025-0100][3.453s] GC(7) Pause Remark
[2018-09-16T18:05:12.025-0100][3.453s] GC(8) Pause Young (CMS Final Remark)
[2018-09-16T18:05:12.025-0100][3.453s] GC(8) Using 4 workers of 4 for evacuation
[2018-09-16T18:05:12.034-0100][3.463s] GC(8) ParNew: 23173K->21824K(109248K)
[2018-09-16T18:05:12.034-0100][3.463s] GC(8) CMS: 1174K->2550K(393216K)
[2018-09-16T18:05:12.034-0100][3.463s] GC(8) Metaspace: 41191K->41191K(1087488K)
[2018-09-16T18:05:12.034-0100][3.463s] GC(8) Pause Young (CMS Final Remark) 23M->23M(490M) 9.686ms
[2018-09-16T18:05:12.035-0100][3.463s] GC(8) User=0.05s Sys=0.01s Real=0.01s
[2018-09-16T18:05:12.049-0100][3.477s] GC(7) Pause Remark 23M->23M(490M) 24.043ms
[2018-09-16T18:05:12.049-0100][3.477s] GC(7) User=0.09s Sys=0.01s Real=0.02s
[2018-09-16T18:05:12.049-0100][3.477s] GC(7) Concurrent Sweep
[2018-09-16T18:05:12.050-0100][3.478s] GC(7) Concurrent Sweep 0.892ms
[2018-09-16T18:05:12.050-0100][3.478s] GC(7) User=0.00s Sys=0.00s Real=0.01s
[2018-09-16T18:05:12.050-0100][3.478s] GC(7) Concurrent Reset
[2018-09-16T18:05:12.050-0100][3.478s] GC(7) Concurrent Reset 0.233ms
[2018-09-16T18:05:12.050-0100][3.478s] GC(7) User=0.00s Sys=0.00s Real=0.00s
[2018-09-16T18:05:12.050-0100][3.478s] GC(7) Old: 1174K->2544K(393216K)
[2018-09-16T18:06:06.204-0100][57.632s] GC(9) Pause Young (Allocation Failure)
[2018-09-16T18:06:06.204-0100][57.632s] GC(9) Using 4 workers of 4 for evacuation
[2018-09-16T18:06:06.216-0100][57.644s] GC(9) ParNew: 109248K->21824K(109248K)
[2018-09-16T18:06:06.216-0100][57.644s] GC(9) CMS: 2544K->5120K(393216K)
[2018-09-16T18:06:06.216-0100][57.644s] GC(9) Metaspace: 47249K->47249K(1091584K)
[2018-09-16T18:06:06.216-0100][57.644s] GC(9) Pause Young (Allocation Failure) 109M->26M(490M) 11.784ms
[2018-09-16T18:06:06.216-0100][57.644s] GC(9) User=0.05s Sys=0.00s Real=0.01s
[2018-09-16T18:06:06.280-0100][57.708s] GC(10) Pause Young (Allocation Failure)
[2018-09-16T18:06:06.280-0100][57.709s] GC(10) Using 4 workers of 4 for evacuation
[2018-09-16T18:06:06.294-0100][57.722s] GC(10) ParNew: 109248K->19399K(109248K)
[2018-09-16T18:06:06.294-0100][57.722s] GC(10) CMS: 5120K->13049K(393216K)
[2018-09-16T18:06:06.294-0100][57.722s] GC(10) Metaspace: 47308K->47308K(1091584K)
[2018-09-16T18:06:06.294-0100][57.722s] GC(10) Pause Young (Allocation Failure) 111M->31M(490M) 13.392ms
[2018-09-16T18:06:06.294-0100][57.722s] GC(10) User=0.04s Sys=0.01s Real=0.01s
[2018-09-16T18:06:10.911-0100][62.339s] GC(11) Pause Young (Allocation Failure)
[2018-09-16T18:06:10.911-0100][62.339s] GC(11) Using 4 workers of 4 for evacuation
[2018-09-16T18:06:10.920-0100][62.348s] GC(11) ParNew: 106726K->20727K(109248K)
[2018-09-16T18:06:10.920-0100][62.348s] GC(11) CMS: 13049K->13050K(393216K)
[2018-09-16T18:06:10.920-0100][62.348s] GC(11) Metaspace: 47490K->47490K(1093632K)
[2018-09-16T18:06:10.920-0100][62.348s] GC(11) Pause Young (Allocation Failure) 116M->32M(490M) 9.307ms
[2018-09-16T18:06:10.920-0100][62.348s] GC(11) User=0.04s Sys=0.00s Real=0.01s
[2018-09-16T18:07:44.162-0100][155.589s] Heap
[2018-09-16T18:07:44.162-0100][155.589s]  par new generation   total 109248K, used 36387K [0x00000007a0000000, 0x00000007a8000000, 0x00000007a8000000)
[2018-09-16T18:07:44.162-0100][155.589s]   eden space 87424K,  17% used [0x00000007a0000000, 0x00000007a0f4b0f8, 0x00000007a5560000)
[2018-09-16T18:07:44.162-0100][155.589s]   from space 21824K,  94% used [0x00000007a5560000, 0x00000007a699dcb8, 0x00000007a6ab0000)
[2018-09-16T18:07:44.162-0100][155.589s]   to   space 21824K,   0% used [0x00000007a6ab0000, 0x00000007a6ab0000, 0x00000007a8000000)
[2018-09-16T18:07:44.162-0100][155.589s]  concurrent mark-sweep generation total 393216K, used 13050K [0x00000007a8000000, 0x00000007c0000000, 0x00000007c0000000)
[2018-09-16T18:07:44.162-0100][155.589s]  Metaspace       used 48028K, capacity 49072K, committed 49556K, reserved 1093632K
[2018-09-16T18:07:44.162-0100][155.589s]   class space    used 5315K, capacity 5750K, committed 5780K, reserved 1048576K
