[2018-09-16T18:07:49.977-0100][0.018s] Using Concurrent Mark Sweep
[2018-09-16T18:07:49.978-0100][0.018s] Heap address: 0x00000007a0000000, size: 512 MB, Compressed Oops mode: Zero based, Oop shift amount: 3
[2018-09-16T18:07:51.510-0100][1.550s] GC(0) Pause Young (Allocation Failure)
[2018-09-16T18:07:51.510-0100][1.550s] GC(0) Using 4 workers of 4 for evacuation
[2018-09-16T18:07:51.520-0100][1.561s] GC(0) ParNew: 87424K->10873K(109248K)
[2018-09-16T18:07:51.520-0100][1.561s] GC(0) CMS: 0K->0K(393216K)
[2018-09-16T18:07:51.520-0100][1.561s] GC(0) Metaspace: 24699K->24699K(1073152K)
[2018-09-16T18:07:51.520-0100][1.561s] GC(0) Pause Young (Allocation Failure) 85M->10M(490M) 10.708ms
[2018-09-16T18:07:51.520-0100][1.561s] GC(0) User=0.04s Sys=0.01s Real=0.01s
[2018-09-16T18:07:51.521-0100][1.561s] GC(1) Pause Initial Mark
[2018-09-16T18:07:51.522-0100][1.563s] GC(1) Pause Initial Mark 12M->12M(490M) 1.786ms
[2018-09-16T18:07:51.522-0100][1.563s] GC(1) User=0.01s Sys=0.00s Real=0.00s
[2018-09-16T18:07:51.522-0100][1.563s] GC(1) Concurrent Mark
[2018-09-16T18:07:51.522-0100][1.563s] GC(1) Using 4 workers of 4 for marking
[2018-09-16T18:07:51.523-0100][1.563s] GC(1) Concurrent Mark 0.121ms
[2018-09-16T18:07:51.523-0100][1.563s] GC(1) User=0.00s Sys=0.00s Real=0.00s
[2018-09-16T18:07:51.523-0100][1.563s] GC(1) Concurrent Preclean
[2018-09-16T18:07:51.523-0100][1.564s] GC(1) Concurrent Preclean 0.758ms
[2018-09-16T18:07:51.523-0100][1.564s] GC(1) User=0.00s Sys=0.00s Real=0.00s
[2018-09-16T18:07:51.524-0100][1.564s] GC(1) Pause Remark
[2018-09-16T18:07:51.524-0100][1.564s] GC(2) Pause Young (CMS Final Remark)
[2018-09-16T18:07:51.524-0100][1.564s] GC(2) Using 4 workers of 4 for evacuation
[2018-09-16T18:07:51.531-0100][1.572s] GC(2) ParNew: 12481K->13467K(109248K)
[2018-09-16T18:07:51.531-0100][1.572s] GC(2) CMS: 0K->0K(393216K)
[2018-09-16T18:07:51.531-0100][1.572s] GC(2) Metaspace: 24706K->24706K(1073152K)
[2018-09-16T18:07:51.531-0100][1.572s] GC(2) Pause Young (CMS Final Remark) 12M->13M(490M) 7.790ms
[2018-09-16T18:07:51.531-0100][1.572s] GC(2) User=0.03s Sys=0.01s Real=0.01s
[2018-09-16T18:07:51.540-0100][1.580s] GC(1) Pause Remark 12M->13M(490M) 16.142ms
[2018-09-16T18:07:51.540-0100][1.580s] GC(1) User=0.04s Sys=0.01s Real=0.02s
[2018-09-16T18:07:51.540-0100][1.580s] GC(1) Concurrent Sweep
[2018-09-16T18:07:51.540-0100][1.580s] GC(1) Concurrent Sweep 0.037ms
[2018-09-16T18:07:51.540-0100][1.580s] GC(1) User=0.00s Sys=0.00s Real=0.00s
[2018-09-16T18:07:51.540-0100][1.581s] GC(1) Concurrent Reset
[2018-09-16T18:07:51.545-0100][1.586s] GC(1) Concurrent Reset 4.935ms
[2018-09-16T18:07:51.545-0100][1.586s] GC(1) User=0.02s Sys=0.00s Real=0.00s
[2018-09-16T18:07:51.545-0100][1.586s] GC(1) Old: 0K->0K(393216K)
[2018-09-16T18:07:52.341-0100][2.381s] GC(3) Pause Young (Allocation Failure)
[2018-09-16T18:07:52.341-0100][2.382s] GC(3) Using 4 workers of 4 for evacuation
[2018-09-16T18:07:52.352-0100][2.392s] GC(3) ParNew: 100891K->21824K(109248K)
[2018-09-16T18:07:52.352-0100][2.392s] GC(3) CMS: 0K->0K(393216K)
[2018-09-16T18:07:52.352-0100][2.392s] GC(3) Metaspace: 33207K->33207K(1079296K)
[2018-09-16T18:07:52.352-0100][2.392s] GC(3) Pause Young (Allocation Failure) 98M->21M(490M) 10.961ms
[2018-09-16T18:07:52.352-0100][2.392s] GC(3) User=0.04s Sys=0.00s Real=0.01s
[2018-09-16T18:07:52.645-0100][2.685s] GC(4) Pause Young (Allocation Failure)
[2018-09-16T18:07:52.645-0100][2.685s] GC(4) Using 4 workers of 4 for evacuation
[2018-09-16T18:07:52.656-0100][2.696s] GC(4) ParNew: 109248K->21824K(109248K)
[2018-09-16T18:07:52.656-0100][2.696s] GC(4) CMS: 0K->250K(393216K)
[2018-09-16T18:07:52.656-0100][2.696s] GC(4) Metaspace: 35744K->35744K(1081344K)
[2018-09-16T18:07:52.656-0100][2.696s] GC(4) Pause Young (Allocation Failure) 106M->21M(490M) 10.854ms
[2018-09-16T18:07:52.656-0100][2.696s] GC(4) User=0.06s Sys=0.00s Real=0.01s
[2018-09-16T18:07:52.790-0100][2.831s] GC(5) Pause Young (Allocation Failure)
[2018-09-16T18:07:52.790-0100][2.831s] GC(5) Using 4 workers of 4 for evacuation
[2018-09-16T18:07:52.798-0100][2.839s] GC(5) ParNew: 109248K->21824K(109248K)
[2018-09-16T18:07:52.798-0100][2.839s] GC(5) CMS: 250K->962K(393216K)
[2018-09-16T18:07:52.798-0100][2.839s] GC(5) Metaspace: 36745K->36745K(1083392K)
[2018-09-16T18:07:52.798-0100][2.839s] GC(5) Pause Young (Allocation Failure) 106M->22M(490M) 8.120ms
[2018-09-16T18:07:52.798-0100][2.839s] GC(5) User=0.04s Sys=0.00s Real=0.00s
[2018-09-16T18:07:53.262-0100][3.302s] GC(6) Pause Young (Allocation Failure)
[2018-09-16T18:07:53.262-0100][3.302s] GC(6) Using 4 workers of 4 for evacuation
[2018-09-16T18:07:53.276-0100][3.316s] GC(6) ParNew: 109248K->21824K(109248K)
[2018-09-16T18:07:53.276-0100][3.316s] GC(6) CMS: 962K->2507K(393216K)
[2018-09-16T18:07:53.276-0100][3.316s] GC(6) Metaspace: 41138K->41138K(1087488K)
[2018-09-16T18:07:53.276-0100][3.316s] GC(6) Pause Young (Allocation Failure) 107M->23M(490M) 13.879ms
[2018-09-16T18:07:53.276-0100][3.316s] GC(6) User=0.06s Sys=0.01s Real=0.01s
[2018-09-16T18:07:55.275-0100][5.316s] GC(7) Pause Initial Mark
[2018-09-16T18:07:55.280-0100][5.321s] GC(7) Pause Initial Mark 61M->61M(490M) 5.084ms
[2018-09-16T18:07:55.280-0100][5.321s] GC(7) User=0.02s Sys=0.00s Real=0.01s
[2018-09-16T18:07:55.281-0100][5.321s] GC(7) Concurrent Mark
[2018-09-16T18:07:55.281-0100][5.321s] GC(7) Using 4 workers of 4 for marking
[2018-09-16T18:07:55.283-0100][5.323s] GC(7) Concurrent Mark 2.108ms
[2018-09-16T18:07:55.283-0100][5.323s] GC(7) User=0.01s Sys=0.00s Real=0.00s
[2018-09-16T18:07:55.283-0100][5.323s] GC(7) Concurrent Preclean
[2018-09-16T18:07:55.283-0100][5.324s] GC(7) Concurrent Preclean 0.703ms
[2018-09-16T18:07:55.283-0100][5.324s] GC(7) User=0.00s Sys=0.00s Real=0.00s
[2018-09-16T18:07:55.283-0100][5.324s] GC(7) Concurrent Abortable Preclean
[2018-09-16T18:08:01.327-0100][11.368s] GC(7) Concurrent Abortable Preclean 6043.932ms
[2018-09-16T18:08:01.327-0100][11.368s] GC(7) User=2.32s Sys=0.02s Real=6.04s
[2018-09-16T18:08:01.328-0100][11.368s] GC(7) Pause Remark
[2018-09-16T18:08:01.328-0100][11.368s] GC(8) Pause Young (CMS Final Remark)
[2018-09-16T18:08:01.328-0100][11.368s] GC(8) Using 4 workers of 4 for evacuation
[2018-09-16T18:08:01.338-0100][11.379s] GC(8) ParNew: 60599K->21824K(109248K)
[2018-09-16T18:08:01.338-0100][11.379s] GC(8) CMS: 2507K->4042K(393216K)
[2018-09-16T18:08:01.338-0100][11.379s] GC(8) Metaspace: 44032K->44032K(1089536K)
[2018-09-16T18:08:01.338-0100][11.379s] GC(8) Pause Young (CMS Final Remark) 61M->25M(490M) 10.661ms
[2018-09-16T18:08:01.338-0100][11.379s] GC(8) User=0.03s Sys=0.00s Real=0.01s
[2018-09-16T18:08:01.356-0100][11.397s] GC(7) Pause Remark 61M->25M(490M) 28.686ms
[2018-09-16T18:08:01.356-0100][11.397s] GC(7) User=0.07s Sys=0.00s Real=0.03s
[2018-09-16T18:08:01.356-0100][11.397s] GC(7) Concurrent Sweep
[2018-09-16T18:08:01.358-0100][11.398s] GC(7) Concurrent Sweep 1.542ms
[2018-09-16T18:08:01.358-0100][11.398s] GC(7) User=0.00s Sys=0.00s Real=0.00s
[2018-09-16T18:08:01.358-0100][11.398s] GC(7) Concurrent Reset
[2018-09-16T18:08:01.358-0100][11.399s] GC(7) Concurrent Reset 0.258ms
[2018-09-16T18:08:01.358-0100][11.399s] GC(7) User=0.00s Sys=0.00s Real=0.00s
[2018-09-16T18:08:01.358-0100][11.399s] GC(7) Old: 2507K->4023K(393216K)
[2018-09-16T18:09:44.377-0100][114.418s] Heap
[2018-09-16T18:09:44.377-0100][114.418s]  par new generation   total 109248K, used 105572K [0x00000007a0000000, 0x00000007a8000000, 0x00000007a8000000)
[2018-09-16T18:09:44.377-0100][114.418s]   eden space 87424K,  95% used [0x00000007a0000000, 0x00000007a51c9040, 0x00000007a5560000)
[2018-09-16T18:09:44.377-0100][114.418s]   from space 21824K, 100% used [0x00000007a6ab0000, 0x00000007a8000000, 0x00000007a8000000)
[2018-09-16T18:09:44.377-0100][114.418s]   to   space 21824K,   0% used [0x00000007a5560000, 0x00000007a5560000, 0x00000007a6ab0000)
[2018-09-16T18:09:44.377-0100][114.418s]  concurrent mark-sweep generation total 393216K, used 4023K [0x00000007a8000000, 0x00000007c0000000, 0x00000007c0000000)
[2018-09-16T18:09:44.377-0100][114.418s]  Metaspace       used 48759K, capacity 49719K, committed 50492K, reserved 1093632K
[2018-09-16T18:09:44.378-0100][114.418s]   class space    used 5418K, capacity 5864K, committed 5980K, reserved 1048576K
