[2018-09-10T13:42:13.607-0100][0.015s] Using Concurrent Mark Sweep
[2018-09-10T13:42:13.607-0100][0.015s] Heap address: 0x00000007a0000000, size: 512 MB, Compressed Oops mode: Zero based, Oop shift amount: 3
[2018-09-10T13:42:14.797-0100][1.205s] GC(0) Pause Young (Allocation Failure)
[2018-09-10T13:42:14.797-0100][1.205s] GC(0) Using 4 workers of 4 for evacuation
[2018-09-10T13:42:14.807-0100][1.215s] GC(0) ParNew: 87424K->10785K(109248K)
[2018-09-10T13:42:14.807-0100][1.215s] GC(0) CMS: 0K->0K(393216K)
[2018-09-10T13:42:14.807-0100][1.215s] GC(0) Metaspace: 24437K->24437K(1071104K)
[2018-09-10T13:42:14.807-0100][1.215s] GC(0) Pause Young (Allocation Failure) 85M->10M(490M) 9.755ms
[2018-09-10T13:42:14.807-0100][1.215s] GC(0) User=0.05s Sys=0.00s Real=0.01s
[2018-09-10T13:42:14.807-0100][1.215s] GC(1) Pause Initial Mark
[2018-09-10T13:42:14.809-0100][1.217s] GC(1) Pause Initial Mark 12M->12M(490M) 1.532ms
[2018-09-10T13:42:14.809-0100][1.217s] GC(1) User=0.00s Sys=0.00s Real=0.00s
[2018-09-10T13:42:14.809-0100][1.217s] GC(1) Concurrent Mark
[2018-09-10T13:42:14.809-0100][1.217s] GC(1) Using 4 workers of 4 for marking
[2018-09-10T13:42:14.810-0100][1.217s] GC(1) Concurrent Mark 0.771ms
[2018-09-10T13:42:14.810-0100][1.217s] GC(1) User=0.01s Sys=0.00s Real=0.01s
[2018-09-10T13:42:14.810-0100][1.218s] GC(1) Concurrent Preclean
[2018-09-10T13:42:14.810-0100][1.218s] GC(1) Concurrent Preclean 0.697ms
[2018-09-10T13:42:14.811-0100][1.218s] GC(1) User=0.01s Sys=0.00s Real=0.00s
[2018-09-10T13:42:14.811-0100][1.219s] GC(1) Pause Remark
[2018-09-10T13:42:14.811-0100][1.219s] GC(2) Pause Young (CMS Final Remark)
[2018-09-10T13:42:14.811-0100][1.219s] GC(2) Using 4 workers of 4 for evacuation
[2018-09-10T13:42:14.817-0100][1.225s] GC(2) ParNew: 12362K->13877K(109248K)
[2018-09-10T13:42:14.817-0100][1.225s] GC(2) CMS: 0K->0K(393216K)
[2018-09-10T13:42:14.817-0100][1.225s] GC(2) Metaspace: 24442K->24442K(1071104K)
[2018-09-10T13:42:14.817-0100][1.225s] GC(2) Pause Young (CMS Final Remark) 12M->13M(490M) 6.150ms
[2018-09-10T13:42:14.817-0100][1.225s] GC(2) User=0.02s Sys=0.01s Real=0.00s
[2018-09-10T13:42:14.824-0100][1.232s] GC(1) Pause Remark 12M->13M(490M) 13.359ms
[2018-09-10T13:42:14.824-0100][1.232s] GC(1) User=0.03s Sys=0.01s Real=0.01s
[2018-09-10T13:42:14.824-0100][1.232s] GC(1) Concurrent Sweep
[2018-09-10T13:42:14.824-0100][1.232s] GC(1) Concurrent Sweep 0.050ms
[2018-09-10T13:42:14.824-0100][1.232s] GC(1) User=0.00s Sys=0.00s Real=0.00s
[2018-09-10T13:42:14.824-0100][1.232s] GC(1) Concurrent Reset
[2018-09-10T13:42:14.829-0100][1.237s] GC(1) Concurrent Reset 4.537ms
[2018-09-10T13:42:14.829-0100][1.237s] GC(1) User=0.01s Sys=0.00s Real=0.00s
[2018-09-10T13:42:14.829-0100][1.237s] GC(1) Old: 0K->0K(393216K)
[2018-09-10T13:42:15.719-0100][2.127s] GC(3) Pause Young (Allocation Failure)
[2018-09-10T13:42:15.719-0100][2.127s] GC(3) Using 4 workers of 4 for evacuation
[2018-09-10T13:42:15.726-0100][2.134s] GC(3) ParNew: 101260K->16745K(109248K)
[2018-09-10T13:42:15.726-0100][2.134s] GC(3) CMS: 0K->0K(393216K)
[2018-09-10T13:42:15.726-0100][2.134s] GC(3) Metaspace: 34129K->34129K(1081344K)
[2018-09-10T13:42:15.726-0100][2.134s] GC(3) Pause Young (Allocation Failure) 98M->16M(490M) 7.191ms
[2018-09-10T13:42:15.726-0100][2.134s] GC(3) User=0.02s Sys=0.00s Real=0.01s
[2018-09-10T13:46:16.430-0100][242.839s] GC(4) Pause Young (Allocation Failure)
[2018-09-10T13:46:16.430-0100][242.839s] GC(4) Using 4 workers of 4 for evacuation
[2018-09-10T13:46:16.447-0100][242.856s] GC(4) ParNew: 104169K->21824K(109248K)
[2018-09-10T13:46:16.447-0100][242.856s] GC(4) CMS: 0K->828K(393216K)
[2018-09-10T13:46:16.447-0100][242.856s] GC(4) Metaspace: 38174K->38174K(1083392K)
[2018-09-10T13:46:16.447-0100][242.856s] GC(4) Pause Young (Allocation Failure) 101M->22M(490M) 16.640ms
[2018-09-10T13:46:16.447-0100][242.856s] GC(4) User=0.07s Sys=0.01s Real=0.01s
[2018-09-10T13:46:16.734-0100][243.144s] GC(5) Pause Young (Allocation Failure)
[2018-09-10T13:46:16.735-0100][243.144s] GC(5) Using 4 workers of 4 for evacuation
[2018-09-10T13:46:16.745-0100][243.154s] GC(5) ParNew: 109248K->21824K(109248K)
[2018-09-10T13:46:16.745-0100][243.155s] GC(5) CMS: 828K->2763K(393216K)
[2018-09-10T13:46:16.745-0100][243.155s] GC(5) Metaspace: 39079K->39079K(1085440K)
[2018-09-10T13:46:16.746-0100][243.155s] GC(5) Pause Young (Allocation Failure) 107M->24M(490M) 11.016ms
[2018-09-10T13:46:16.746-0100][243.155s] GC(5) User=0.04s Sys=0.01s Real=0.01s
[2018-09-10T13:46:16.883-0100][243.292s] GC(6) Pause Young (Allocation Failure)
[2018-09-10T13:46:16.883-0100][243.292s] GC(6) Using 4 workers of 4 for evacuation
[2018-09-10T13:46:16.894-0100][243.303s] GC(6) ParNew: 109248K->21824K(109248K)
[2018-09-10T13:46:16.894-0100][243.303s] GC(6) CMS: 2763K->3792K(393216K)
[2018-09-10T13:46:16.894-0100][243.303s] GC(6) Metaspace: 39482K->39482K(1085440K)
[2018-09-10T13:46:16.894-0100][243.303s] GC(6) Pause Young (Allocation Failure) 109M->25M(490M) 11.485ms
[2018-09-10T13:46:16.894-0100][243.303s] GC(6) User=0.06s Sys=0.00s Real=0.01s
[2018-09-10T13:46:17.022-0100][243.431s] GC(7) Pause Young (Allocation Failure)
[2018-09-10T13:46:17.022-0100][243.431s] GC(7) Using 4 workers of 4 for evacuation
[2018-09-10T13:46:17.033-0100][243.442s] GC(7) ParNew: 109248K->21824K(109248K)
[2018-09-10T13:46:17.033-0100][243.442s] GC(7) CMS: 3792K->5432K(393216K)
[2018-09-10T13:46:17.033-0100][243.442s] GC(7) Metaspace: 40123K->40123K(1085440K)
[2018-09-10T13:46:17.033-0100][243.442s] GC(7) Pause Young (Allocation Failure) 110M->26M(490M) 11.176ms
[2018-09-10T13:46:17.033-0100][243.442s] GC(7) User=0.04s Sys=0.00s Real=0.01s
[2018-09-10T13:46:17.119-0100][243.528s] GC(8) Pause Young (Allocation Failure)
[2018-09-10T13:46:17.119-0100][243.528s] GC(8) Using 4 workers of 4 for evacuation
[2018-09-10T13:46:17.131-0100][243.541s] GC(8) ParNew: 109248K->21824K(109248K)
[2018-09-10T13:46:17.132-0100][243.541s] GC(8) CMS: 5432K->5834K(393216K)
[2018-09-10T13:46:17.132-0100][243.541s] GC(8) Metaspace: 40329K->40329K(1085440K)
[2018-09-10T13:46:17.132-0100][243.541s] GC(8) Pause Young (Allocation Failure) 111M->27M(490M) 12.294ms
[2018-09-10T13:46:17.132-0100][243.541s] GC(8) User=0.06s Sys=0.00s Real=0.02s
[2018-09-10T13:46:17.865-0100][244.274s] GC(9) Pause Young (Allocation Failure)
[2018-09-10T13:46:17.865-0100][244.274s] GC(9) Using 4 workers of 4 for evacuation
[2018-09-10T13:46:17.886-0100][244.295s] GC(9) ParNew: 109248K->21655K(109248K)
[2018-09-10T13:46:17.886-0100][244.296s] GC(9) CMS: 5834K->14054K(393216K)
[2018-09-10T13:46:17.886-0100][244.296s] GC(9) Metaspace: 45042K->45042K(1091584K)
[2018-09-10T13:46:17.887-0100][244.296s] GC(9) Pause Young (Allocation Failure) 112M->34M(490M) 21.883ms
[2018-09-10T13:46:17.887-0100][244.296s] GC(9) User=0.07s Sys=0.01s Real=0.02s
[2018-09-10T13:46:17.889-0100][244.298s] GC(10) Pause Initial Mark
[2018-09-10T13:46:17.893-0100][244.302s] GC(10) Pause Initial Mark 35M->35M(490M) 3.646ms
[2018-09-10T13:46:17.893-0100][244.302s] GC(10) User=0.02s Sys=0.00s Real=0.01s
[2018-09-10T13:46:17.893-0100][244.302s] GC(10) Concurrent Mark
[2018-09-10T13:46:17.893-0100][244.302s] GC(10) Using 4 workers of 4 for marking
[2018-09-10T13:46:17.899-0100][244.308s] GC(10) Concurrent Mark 5.585ms
[2018-09-10T13:46:17.899-0100][244.308s] GC(10) User=0.04s Sys=0.00s Real=0.00s
[2018-09-10T13:46:17.899-0100][244.308s] GC(10) Concurrent Preclean
[2018-09-10T13:46:17.900-0100][244.309s] GC(10) Concurrent Preclean 0.713ms
[2018-09-10T13:46:17.900-0100][244.309s] GC(10) User=0.00s Sys=0.00s Real=0.01s
[2018-09-10T13:46:17.900-0100][244.309s] GC(10) Concurrent Abortable Preclean
[2018-09-10T13:46:18.360-0100][244.769s] GC(10) Concurrent Abortable Preclean 460.047ms
[2018-09-10T13:46:18.360-0100][244.769s] GC(10) User=1.42s Sys=0.04s Real=0.46s
[2018-09-10T13:46:18.360-0100][244.769s] GC(10) Pause Remark
[2018-09-10T13:46:18.360-0100][244.769s] GC(11) Pause Young (CMS Final Remark)
[2018-09-10T13:46:18.360-0100][244.769s] GC(11) Using 4 workers of 4 for evacuation
[2018-09-10T13:46:18.370-0100][244.779s] GC(11) ParNew: 67746K->18555K(109248K)
[2018-09-10T13:46:18.370-0100][244.779s] GC(11) CMS: 14054K->14054K(393216K)
[2018-09-10T13:46:18.370-0100][244.779s] GC(11) Metaspace: 47034K->47034K(1091584K)
[2018-09-10T13:46:18.370-0100][244.779s] GC(11) Pause Young (CMS Final Remark) 79M->31M(490M) 10.224ms
[2018-09-10T13:46:18.370-0100][244.779s] GC(11) User=0.05s Sys=0.00s Real=0.01s
[2018-09-10T13:46:18.396-0100][244.805s] GC(10) Pause Remark 79M->31M(490M) 35.824ms
[2018-09-10T13:46:18.396-0100][244.805s] GC(10) User=0.12s Sys=0.00s Real=0.03s
[2018-09-10T13:46:18.396-0100][244.805s] GC(10) Concurrent Sweep
[2018-09-10T13:46:18.402-0100][244.811s] GC(10) Concurrent Sweep 5.956ms
[2018-09-10T13:46:18.402-0100][244.811s] GC(10) User=0.02s Sys=0.00s Real=0.01s
[2018-09-10T13:46:18.402-0100][244.811s] GC(10) Concurrent Reset
[2018-09-10T13:46:18.402-0100][244.811s] GC(10) Concurrent Reset 0.360ms
[2018-09-10T13:46:18.402-0100][244.811s] GC(10) User=0.00s Sys=0.00s Real=0.00s
[2018-09-10T13:46:18.402-0100][244.812s] GC(10) Old: 14054K->12967K(393216K)
[2018-09-10T13:46:20.877-0100][247.286s] GC(12) Pause Young (Allocation Failure)
[2018-09-10T13:46:20.877-0100][247.286s] GC(12) Using 4 workers of 4 for evacuation
[2018-09-10T13:46:20.901-0100][247.310s] GC(12) ParNew: 105979K->21388K(109248K)
[2018-09-10T13:46:20.901-0100][247.310s] GC(12) CMS: 12967K->15924K(393216K)
[2018-09-10T13:46:20.901-0100][247.310s] GC(12) Metaspace: 48221K->48221K(1093632K)
[2018-09-10T13:46:20.901-0100][247.310s] GC(12) Pause Young (Allocation Failure) 116M->36M(490M) 24.419ms
[2018-09-10T13:46:20.901-0100][247.310s] GC(12) User=0.07s Sys=0.00s Real=0.03s
[2018-09-10T13:46:20.983-0100][247.392s] GC(13) Pause Young (Allocation Failure)
[2018-09-10T13:46:20.983-0100][247.392s] GC(13) Using 4 workers of 4 for evacuation
[2018-09-10T13:46:21.021-0100][247.430s] GC(13) ParNew: 108798K->21824K(109248K)
[2018-09-10T13:46:21.021-0100][247.430s] GC(13) CMS: 15924K->21028K(393216K)
[2018-09-10T13:46:21.021-0100][247.430s] GC(13) Metaspace: 48258K->48258K(1093632K)
[2018-09-10T13:46:21.021-0100][247.430s] GC(13) Pause Young (Allocation Failure) 121M->41M(490M) 38.380ms
[2018-09-10T13:46:21.021-0100][247.430s] GC(13) User=0.10s Sys=0.01s Real=0.04s
[2018-09-10T13:46:21.068-0100][247.477s] GC(14) Pause Young (Allocation Failure)
[2018-09-10T13:46:21.068-0100][247.477s] GC(14) Using 4 workers of 4 for evacuation
[2018-09-10T13:46:21.083-0100][247.492s] GC(14) ParNew: 109248K->16483K(109248K)
[2018-09-10T13:46:21.083-0100][247.492s] GC(14) CMS: 21028K->21179K(393216K)
[2018-09-10T13:46:21.083-0100][247.492s] GC(14) Metaspace: 48282K->48282K(1093632K)
[2018-09-10T13:46:21.083-0100][247.492s] GC(14) Pause Young (Allocation Failure) 127M->36M(490M) 15.311ms
[2018-09-10T13:46:21.083-0100][247.492s] GC(14) User=0.05s Sys=0.00s Real=0.02s
[2018-09-10T13:46:21.148-0100][247.557s] GC(15) Pause Young (Allocation Failure)
[2018-09-10T13:46:21.148-0100][247.557s] GC(15) Using 4 workers of 4 for evacuation
[2018-09-10T13:46:21.160-0100][247.569s] GC(15) ParNew: 103907K->18010K(109248K)
[2018-09-10T13:46:21.160-0100][247.569s] GC(15) CMS: 21179K->21359K(393216K)
[2018-09-10T13:46:21.160-0100][247.569s] GC(15) Metaspace: 48290K->48290K(1093632K)
[2018-09-10T13:46:21.160-0100][247.569s] GC(15) Pause Young (Allocation Failure) 122M->38M(490M) 12.382ms
[2018-09-10T13:46:21.160-0100][247.569s] GC(15) User=0.05s Sys=0.00s Real=0.02s
[2018-09-10T13:46:21.381-0100][247.790s] GC(16) Pause Young (Allocation Failure)
[2018-09-10T13:46:21.381-0100][247.790s] GC(16) Using 4 workers of 4 for evacuation
[2018-09-10T13:46:21.391-0100][247.800s] GC(16) ParNew: 105434K->15664K(109248K)
[2018-09-10T13:46:21.391-0100][247.800s] GC(16) CMS: 21359K->21553K(393216K)
[2018-09-10T13:46:21.391-0100][247.800s] GC(16) Metaspace: 48488K->48488K(1093632K)
[2018-09-10T13:46:21.391-0100][247.800s] GC(16) Pause Young (Allocation Failure) 123M->36M(490M) 9.694ms
[2018-09-10T13:46:21.391-0100][247.800s] GC(16) User=0.06s Sys=0.00s Real=0.01s
[2018-09-10T14:07:37.897-0100][1524.312s] GC(17) Pause Young (Allocation Failure)
[2018-09-10T14:07:37.897-0100][1524.312s] GC(17) Using 4 workers of 4 for evacuation
[2018-09-10T14:07:37.907-0100][1524.322s] GC(17) ParNew: 103088K->20015K(109248K)
[2018-09-10T14:07:37.907-0100][1524.322s] GC(17) CMS: 21553K->21861K(393216K)
[2018-09-10T14:07:37.907-0100][1524.322s] GC(17) Metaspace: 51500K->51500K(1095680K)
[2018-09-10T14:07:37.907-0100][1524.322s] GC(17) Pause Young (Allocation Failure) 121M->40M(490M) 10.123ms
[2018-09-10T14:07:37.907-0100][1524.322s] GC(17) User=0.04s Sys=0.00s Real=0.01s
[2018-09-10T14:07:37.974-0100][1524.390s] GC(18) Pause Young (Allocation Failure)
[2018-09-10T14:07:37.974-0100][1524.390s] GC(18) Using 4 workers of 4 for evacuation
[2018-09-10T14:07:37.985-0100][1524.400s] GC(18) ParNew: 107439K->20556K(109248K)
[2018-09-10T14:07:37.985-0100][1524.401s] GC(18) CMS: 21861K->23973K(393216K)
[2018-09-10T14:07:37.985-0100][1524.401s] GC(18) Metaspace: 51517K->51517K(1095680K)
[2018-09-10T14:07:37.985-0100][1524.401s] GC(18) Pause Young (Allocation Failure) 126M->43M(490M) 10.912ms
[2018-09-10T14:07:37.985-0100][1524.401s] GC(18) User=0.05s Sys=0.00s Real=0.01s
[2018-09-10T14:07:38.023-0100][1524.438s] GC(19) Pause Young (Allocation Failure)
[2018-09-10T14:07:38.023-0100][1524.438s] GC(19) Using 4 workers of 4 for evacuation
[2018-09-10T14:07:38.031-0100][1524.447s] GC(19) ParNew: 107980K->16968K(109248K)
[2018-09-10T14:07:38.032-0100][1524.447s] GC(19) CMS: 23973K->25189K(393216K)
[2018-09-10T14:07:38.032-0100][1524.447s] GC(19) Metaspace: 51525K->51525K(1095680K)
[2018-09-10T14:07:38.032-0100][1524.447s] GC(19) Pause Young (Allocation Failure) 128M->41M(490M) 8.823ms
[2018-09-10T14:07:38.032-0100][1524.447s] GC(19) User=0.03s Sys=0.00s Real=0.01s
[2018-09-10T14:07:38.087-0100][1524.502s] GC(20) Pause Young (Allocation Failure)
[2018-09-10T14:07:38.087-0100][1524.502s] GC(20) Using 4 workers of 4 for evacuation
[2018-09-10T14:07:38.099-0100][1524.515s] GC(20) ParNew: 104392K->13064K(109248K)
[2018-09-10T14:07:38.099-0100][1524.515s] GC(20) CMS: 25189K->29012K(393216K)
[2018-09-10T14:07:38.099-0100][1524.515s] GC(20) Metaspace: 51529K->51529K(1095680K)
[2018-09-10T14:07:38.099-0100][1524.515s] GC(20) Pause Young (Allocation Failure) 126M->41M(490M) 12.711ms
[2018-09-10T14:07:38.099-0100][1524.515s] GC(20) User=0.06s Sys=0.00s Real=0.01s
[2018-09-10T14:07:38.156-0100][1524.571s] GC(21) Pause Young (Allocation Failure)
[2018-09-10T14:07:38.156-0100][1524.571s] GC(21) Using 4 workers of 4 for evacuation
[2018-09-10T14:07:38.173-0100][1524.588s] GC(21) ParNew: 100488K->11206K(109248K)
[2018-09-10T14:07:38.173-0100][1524.588s] GC(21) CMS: 29012K->29214K(393216K)
[2018-09-10T14:07:38.173-0100][1524.588s] GC(21) Metaspace: 51560K->51560K(1095680K)
[2018-09-10T14:07:38.173-0100][1524.588s] GC(21) Pause Young (Allocation Failure) 126M->39M(490M) 17.055ms
[2018-09-10T14:07:38.173-0100][1524.588s] GC(21) User=0.06s Sys=0.00s Real=0.02s
[2018-09-10T14:24:46.456-0100][2552.877s] GC(22) Pause Young (Allocation Failure)
[2018-09-10T14:24:46.457-0100][2552.877s] GC(22) Using 4 workers of 4 for evacuation
[2018-09-10T14:24:46.468-0100][2552.888s] GC(22) ParNew: 98630K->14405K(109248K)
[2018-09-10T14:24:46.468-0100][2552.888s] GC(22) CMS: 29214K->29300K(393216K)
[2018-09-10T14:24:46.468-0100][2552.888s] GC(22) Metaspace: 52375K->52375K(1097728K)
[2018-09-10T14:24:46.468-0100][2552.888s] GC(22) Pause Young (Allocation Failure) 124M->42M(490M) 11.288ms
[2018-09-10T14:24:46.468-0100][2552.888s] GC(22) User=0.04s Sys=0.00s Real=0.01s
[2018-09-10T14:25:26.048-0100][2592.468s] Heap
[2018-09-10T14:25:26.048-0100][2592.469s]  par new generation   total 109248K, used 23972K [0x00000007a0000000, 0x00000007a8000000, 0x00000007a8000000)
[2018-09-10T14:25:26.048-0100][2592.469s]   eden space 87424K,  10% used [0x00000007a0000000, 0x00000007a0957cf0, 0x00000007a5560000)
[2018-09-10T14:25:26.048-0100][2592.469s]   from space 21824K,  66% used [0x00000007a6ab0000, 0x00000007a78c1598, 0x00000007a8000000)
[2018-09-10T14:25:26.048-0100][2592.469s]   to   space 21824K,   0% used [0x00000007a5560000, 0x00000007a5560000, 0x00000007a6ab0000)
[2018-09-10T14:25:26.048-0100][2592.469s]  concurrent mark-sweep generation total 393216K, used 29300K [0x00000007a8000000, 0x00000007c0000000, 0x00000007c0000000)
[2018-09-10T14:25:26.048-0100][2592.469s]  Metaspace       used 52463K, capacity 53519K, committed 54060K, reserved 1097728K
[2018-09-10T14:25:26.048-0100][2592.469s]   class space    used 5714K, capacity 6136K, committed 6188K, reserved 1048576K
